Component: ARM Compiler 5.05 update 1 (build 106) Tool: armlink [4d0efa]

==============================================================================

Section Cross References

    main.o(i.main) refers to os_core.o(i.OSInit) for OSInit
    main.o(i.main) refers to os_task.o(i.OSTaskCreate) for OSTaskCreate
    main.o(i.main) refers to os_core.o(i.OSStart) for OSStart
    main.o(i.main) refers to main.o(.bss) for Task_SysInitStk
    main.o(i.main) refers to task_sysinit.o(i.Task_SysInit) for Task_SysInit
    driver_motor.o(i.BaseMotorControl) refers to driver_pid.o(i.PID_Calc) for PID_Calc
    driver_motor.o(i.BaseMotorControl) refers to driver_pid.o(.bss) for PID_BaseLeft_V
    driver_motor.o(i.BaseMotorControl) refers to driver_control.o(.data) for leftinput
    driver_motor.o(i.SheetControl) refers to stm32f4xx_tim.o(i.TIM_SetCompare1) for TIM_SetCompare1
    driver_motor.o(i.SheetControl) refers to stm32f4xx_tim.o(i.TIM_SetCompare2) for TIM_SetCompare2
    driver_motor.o(i.SheetControl) refers to stm32f4xx_tim.o(i.TIM_SetCompare3) for TIM_SetCompare3
    driver_motor.o(i.SheetControl) refers to stm32f4xx_tim.o(i.TIM_SetCompare4) for TIM_SetCompare4
    driver_can.o(i.CAN1_Process) refers to driver_pid.o(.bss) for PID_BaseLeft_V
    driver_can.o(i.CAN_To_Chaise) refers to os_q.o(i.OSQPost) for OSQPost
    driver_can.o(i.CAN_To_Chaise) refers to driver_can.o(.bss) for TxMsg
    driver_can.o(i.CAN_To_Chaise) refers to task_sysinit.o(.bss) for CanMsgQue
    driver_can.o(i.Turntable) refers to os_q.o(i.OSQPost) for OSQPost
    driver_can.o(i.Turntable) refers to task_sysinit.o(.bss) for CanMsgQue
    driver_pid.o(i.ALL_PID_Init) refers to driver_pid.o(i.PIDStruct_Init) for PIDStruct_Init
    driver_pid.o(i.ALL_PID_Init) refers to driver_pid.o(i.PID_Param_Init) for PID_Param_Init
    driver_pid.o(i.ALL_PID_Init) refers to driver_pid.o(.bss) for PID_BaseLeft_V
    driver_pid.o(i.PID_Param_Modify) refers to driver_pid.o(i.PID_Param_Init) for PID_Param_Init
    driver_control.o(i.Angleloop_Process) refers to bsp_uart.o(.data) for ZAngle
    driver_control.o(i.Angleloop_Process) refers to driver_pid.o(.bss) for PID_Angle
    driver_control.o(i.Arc_Move) refers to f2d.o(x$fpl$f2d) for __aeabi_f2d
    driver_control.o(i.Arc_Move) refers to atan.o(i.__hardfp_atan) for __hardfp_atan
    driver_control.o(i.Arc_Move) refers to fabs.o(i.__hardfp_fabs) for __hardfp_fabs
    driver_control.o(i.Arc_Move) refers to dmul.o(x$fpl$dmul) for __aeabi_dmul
    driver_control.o(i.Arc_Move) refers to ddiv.o(x$fpl$ddiv) for __aeabi_ddiv
    driver_control.o(i.Arc_Move) refers to daddsub_clz.o(x$fpl$dadd) for __aeabi_dadd
    driver_control.o(i.Arc_Move) refers to dflt_clz.o(x$fpl$dflt) for __aeabi_i2d
    driver_control.o(i.Arc_Move) refers to d2f.o(x$fpl$d2f) for __aeabi_d2f
    driver_control.o(i.Arc_Move) refers to driver_control.o(i.Error_Admission) for Error_Admission
    driver_control.o(i.Arc_Move) refers to driver_pid.o(i.PID_Calc) for PID_Calc
    driver_control.o(i.Arc_Move) refers to driver_control.o(.bss) for temp_story
    driver_control.o(i.Arc_Move) refers to driver_pid.o(.bss) for PID_Position
    driver_control.o(i.Arc_Move) refers to bsp_uart.o(.data) for Y
    driver_control.o(i.Arc_Move) refers to task_debugmsg.o(.data) for test
    driver_control.o(i.Cir_Move) refers to driver_control.o(i.Radius_Control) for Radius_Control
    driver_control.o(i.Cir_Move) refers to f2d.o(x$fpl$f2d) for __aeabi_f2d
    driver_control.o(i.Cir_Move) refers to asin.o(i.__hardfp_asin) for __hardfp_asin
    driver_control.o(i.Cir_Move) refers to dmul.o(x$fpl$dmul) for __aeabi_dmul
    driver_control.o(i.Cir_Move) refers to ddiv.o(x$fpl$ddiv) for __aeabi_ddiv
    driver_control.o(i.Cir_Move) refers to fabs.o(i.__hardfp_fabs) for __hardfp_fabs
    driver_control.o(i.Cir_Move) refers to daddsub_clz.o(x$fpl$dsub) for __aeabi_dsub
    driver_control.o(i.Cir_Move) refers to d2f.o(x$fpl$d2f) for __aeabi_d2f
    driver_control.o(i.Cir_Move) refers to driver_control.o(i.Circle_Count) for Circle_Count
    driver_control.o(i.Cir_Move) refers to bsp_uart.o(.data) for X
    driver_control.o(i.Cir_Move) refers to driver_control.o(.data) for Cir_Draw
    driver_control.o(i.Cir_Move) refers to task_debugmsg.o(.data) for test
    driver_control.o(i.Cir_Move) refers to driver_pid.o(.bss) for PID_Angle
    driver_control.o(i.Cir_Move) refers to driver_control.o(i.Error_Admission) for Error_Admission
    driver_control.o(i.Cir_Move) refers to dflt_clz.o(x$fpl$dflt) for __aeabi_i2d
    driver_control.o(i.Cir_Move) refers to daddsub_clz.o(x$fpl$dadd) for __aeabi_dadd
    driver_control.o(i.Cir_Move) refers to dleqf.o(x$fpl$dleqf) for __aeabi_cdcmple
    driver_control.o(i.Cir_Move) refers to drleqf.o(x$fpl$drleqf) for __aeabi_cdrcmple
    driver_control.o(i.Cir_Move) refers to driver_pid.o(i.PID_Calc) for PID_Calc
[...]
    __mathlib_narrow                         0x080098a9   Thumb Code   166  narrow.o(i.__mathlib_narrow)
    __support_ldexp                          0x08009961   Thumb Code    20  ldexp.o(i.__support_ldexp)
    _is_digit                                0x08009975   Thumb Code    14  __printf_wp.o(i._is_digit)
    _sys_exit                                0x08009983   Thumb Code     4  driver_usart.o(i._sys_exit)
    delay_ms                                 0x08009989   Thumb Code    70  driver_delay.o(i.delay_ms)
    delay_us                                 0x080099dd   Thumb Code    90  driver_delay.o(i.delay_us)
    fabs                                     0x08009a3d   Thumb Code    24  fabs.o(i.fabs)
    fputc                                    0x08009a55   Thumb Code    22  driver_usart.o(i.fputc)
    frexp                                    0x08009a71   Thumb Code   118  frexp.o(i.frexp)
    getstr                                   0x08009afd   Thumb Code    20  usmart.o(i.getstr)
    main                                     0x08009b11   Thumb Code    64  main.o(i.main)
    read_addr                                0x08009b6d   Thumb Code     6  usmart.o(i.read_addr)
    tmr_1s_callback                          0x08009b75   Thumb Code    42  driver_control.o(i.tmr_1s_callback)
    tmr_20ms_callback                        0x08009bb1   Thumb Code    34  driver_control.o(i.tmr_20ms_callback)
    usmart_cmd_rec                           0x08009be9   Thumb Code   170  usmart.o(i.usmart_cmd_rec)
    usmart_exe                               0x08009c99   Thumb Code   634  usmart.o(i.usmart_exe)
    usmart_get_aparm                         0x08009f71   Thumb Code   200  usmart_str.o(i.usmart_get_aparm)
    usmart_get_fname                         0x0800a039   Thumb Code   440  usmart_str.o(i.usmart_get_fname)
    usmart_get_fparam                        0x0800a1f9   Thumb Code   262  usmart_str.o(i.usmart_get_fparam)
    usmart_get_parmpos                       0x0800a305   Thumb Code    26  usmart_str.o(i.usmart_get_parmpos)
    usmart_get_runtime                       0x0800a325   Thumb Code    56  usmart.o(i.usmart_get_runtime)
    usmart_init                              0x0800a365   Thumb Code    36  usmart.o(i.usmart_init)
    usmart_pow                               0x0800a38d   Thumb Code    22  usmart_str.o(i.usmart_pow)
    usmart_reset_runtime                     0x0800a3a5   Thumb Code    38  usmart.o(i.usmart_reset_runtime)
    usmart_scan                              0x0800a3d5   Thumb Code   148  usmart.o(i.usmart_scan)
    usmart_search_nextc                      0x0800a47d   Thumb Code    22  usmart_str.o(i.usmart_search_nextc)
    usmart_str2num                           0x0800a493   Thumb Code   202  usmart_str.o(i.usmart_str2num)
    usmart_strcmp                            0x0800a55d   Thumb Code    34  usmart_str.o(i.usmart_strcmp)
    usmart_strcopy                           0x0800a57f   Thumb Code    22  usmart_str.o(i.usmart_strcopy)
    usmart_strlen                            0x0800a595   Thumb Code    24  usmart_str.o(i.usmart_strlen)
    write_addr                               0x0800a5ad   Thumb Code     4  usmart.o(i.write_addr)
    _get_lc_numeric                          0x0800a5b1   Thumb Code    44  lc_numeric_c.o(locale$$code)
    _get_lc_ctype                            0x0800a5dd   Thumb Code    44  lc_ctype_c.o(locale$$code)
    __aeabi_dneg                             0x0800a609   Thumb Code     0  basic.o(x$fpl$basic)
    _dneg                                    0x0800a609   Thumb Code     6  basic.o(x$fpl$basic)
    __aeabi_fneg                             0x0800a60f   Thumb Code     0  basic.o(x$fpl$basic)
    _fneg                                    0x0800a60f   Thumb Code     6  basic.o(x$fpl$basic)
    _dabs                                    0x0800a615   Thumb Code     6  basic.o(x$fpl$basic)
    _fabs                                    0x0800a61b   Thumb Code     6  basic.o(x$fpl$basic)
    __aeabi_d2f                              0x0800a621   Thumb Code     0  d2f.o(x$fpl$d2f)
    _d2f                                     0x0800a621   Thumb Code    98  d2f.o(x$fpl$d2f)
    __aeabi_dadd                             0x0800a685   Thumb Code     0  daddsub_clz.o(x$fpl$dadd)
    _dadd                                    0x0800a685   Thumb Code   332  daddsub_clz.o(x$fpl$dadd)
    __fpl_dcheck_NaN1                        0x0800a7d5   Thumb Code    10  dcheck1.o(x$fpl$dcheck1)
    __fpl_dcmp_Inf                           0x0800a7e5   Thumb Code    24  dcmpi.o(x$fpl$dcmpinf)
    __aeabi_ddiv                             0x0800a7fd   Thumb Code     0  ddiv.o(x$fpl$ddiv)
    _ddiv                                    0x0800a7fd   Thumb Code   552  ddiv.o(x$fpl$ddiv)
    __aeabi_cdcmpeq                          0x0800aaad   Thumb Code     0  deqf.o(x$fpl$deqf)
    _dcmpeq                                  0x0800aaad   Thumb Code   120  deqf.o(x$fpl$deqf)
    __aeabi_i2d                              0x0800ab25   Thumb Code     0  dflt_clz.o(x$fpl$dflt)
    _dflt                                    0x0800ab25   Thumb Code    46  dflt_clz.o(x$fpl$dflt)
    __aeabi_cdcmple                          0x0800ab55   Thumb Code     0  dleqf.o(x$fpl$dleqf)
    _dcmple                                  0x0800ab55   Thumb Code   120  dleqf.o(x$fpl$dleqf)
    __fpl_dcmple_InfNaN                      0x0800abb7   Thumb Code     0  dleqf.o(x$fpl$dleqf)
    __aeabi_dmul                             0x0800abcd   Thumb Code     0  dmul.o(x$fpl$dmul)
    _dmul                                    0x0800abcd   Thumb Code   332  dmul.o(x$fpl$dmul)
    __fpl_dnaninf                            0x0800ad21   Thumb Code   156  dnaninf.o(x$fpl$dnaninf)
    __fpl_dretinf                            0x0800adbd   Thumb Code    12  dretinf.o(x$fpl$dretinf)
    __aeabi_cdrcmple                         0x0800adc9   Thumb Code     0  drleqf.o(x$fpl$drleqf)
    _drcmple                                 0x0800adc9   Thumb Code   108  drleqf.o(x$fpl$drleqf)
    __aeabi_drsub                            0x0800ae35   Thumb Code     0  daddsub_clz.o(x$fpl$drsb)
    _drsb                                    0x0800ae35   Thumb Code    22  daddsub_clz.o(x$fpl$drsb)
    __aeabi_dsub                             0x0800ae4d   Thumb Code     0  daddsub_clz.o(x$fpl$dsub)
    _dsub                                    0x0800ae4d   Thumb Code   464  daddsub_clz.o(x$fpl$dsub)
    __aeabi_f2d                              0x0800b021   Thumb Code     0  f2d.o(x$fpl$f2d)
    _f2d                                     0x0800b021   Thumb Code    86  f2d.o(x$fpl$f2d)
    __fpl_fnaninf                            0x0800b077   Thumb Code   140  fnaninf.o(x$fpl$fnaninf)
    _fp_init                                 0x0800b103   Thumb Code    10  fpinit.o(x$fpl$fpinit)
    __fplib_config_fpu_vfp                   0x0800b10b   Thumb Code     0  fpinit.o(x$fpl$fpinit)
    __fplib_config_pureend_doubles           0x0800b10b   Thumb Code     0  fpinit.o(x$fpl$fpinit)
    __fpl_fretinf                            0x0800b10d   Thumb Code    10  fretinf.o(x$fpl$fretinf)
    _printf_fp_dec                           0x0800b117   Thumb Code     4  printf1.o(x$fpl$printf1)
    __fpl_return_NaN                         0x0800b11b   Thumb Code   100  retnan.o(x$fpl$retnan)
    __ARM_scalbn                             0x0800b17f   Thumb Code    92  scalbn.o(x$fpl$scalbn)
    _scanf_real                              0x0800b1db   Thumb Code     4  scanf1.o(x$fpl$scanf1)
    _scanf_hex_real                          0x0800b1df   Thumb Code     4  scanf2.o(x$fpl$scanf2)
    _scanf_infnan                            0x0800b1e3   Thumb Code     4  scanf2.o(x$fpl$scanf2)
    __fpl_cmpreturn                          0x0800b1e7   Thumb Code    48  trapv.o(x$fpl$trapveneer)
    __I$use$fp                               0x0800b216   Number         0  usenofp.o(x$fpl$usenofp)
    OSCfg_IdleTaskStkBasePtr                 0x0800b218   Data           4  os_cfg_app.o(.constdata)
    OSCfg_IdleTaskStkLimit                   0x0800b21c   Data           4  os_cfg_app.o(.constdata)
    OSCfg_IdleTaskStkSize                    0x0800b220   Data           4  os_cfg_app.o(.constdata)
    OSCfg_IdleTaskStkSizeRAM                 0x0800b224   Data           4  os_cfg_app.o(.constdata)
    OSCfg_IntQBasePtr                        0x0800b228   Data           4  os_cfg_app.o(.constdata)
    OSCfg_IntQSize                           0x0800b22c   Data           2  os_cfg_app.o(.constdata)
    OSCfg_IntQSizeRAM                        0x0800b230   Data           4  os_cfg_app.o(.constdata)
    OSCfg_IntQTaskStkBasePtr                 0x0800b234   Data           4  os_cfg_app.o(.constdata)
    OSCfg_IntQTaskStkLimit                   0x0800b238   Data           4  os_cfg_app.o(.constdata)
    OSCfg_IntQTaskStkSize                    0x0800b23c   Data           4  os_cfg_app.o(.constdata)
    OSCfg_IntQTaskStkSizeRAM                 0x0800b240   Data           4  os_cfg_app.o(.constdata)
    OSCfg_ISRStkBasePtr                      0x0800b244   Data           4  os_cfg_app.o(.constdata)
    OSCfg_ISRStkSize                         0x0800b248   Data           4  os_cfg_app.o(.constdata)
    OSCfg_ISRStkSizeRAM                      0x0800b24c   Data           4  os_cfg_app.o(.constdata)
    OSCfg_MsgPoolSize                        0x0800b250   Data           2  os_cfg_app.o(.constdata)
    OSCfg_MsgPoolSizeRAM                     0x0800b254   Data           4  os_cfg_app.o(.constdata)
    OSCfg_MsgPoolBasePtr                     0x0800b258   Data           4  os_cfg_app.o(.constdata)
    OSCfg_StatTaskPrio                       0x0800b25c   Data           1  os_cfg_app.o(.constdata)
    OSCfg_StatTaskRate_Hz                    0x0800b260   Data           4  os_cfg_app.o(.constdata)
    OSCfg_StatTaskStkBasePtr                 0x0800b264   Data           4  os_cfg_app.o(.constdata)
    OSCfg_StatTaskStkLimit                   0x0800b268   Data           4  os_cfg_app.o(.constdata)
    OSCfg_StatTaskStkSize                    0x0800b26c   Data           4  os_cfg_app.o(.constdata)
    OSCfg_StatTaskStkSizeRAM                 0x0800b270   Data           4  os_cfg_app.o(.constdata)
    OSCfg_StkSizeMin                         0x0800b274   Data           4  os_cfg_app.o(.constdata)
    OSCfg_TickRate_Hz                        0x0800b278   Data           4  os_cfg_app.o(.constdata)
    OSCfg_TickTaskPrio                       0x0800b27c   Data           1  os_cfg_app.o(.constdata)
    OSCfg_TickTaskStkBasePtr                 0x0800b280   Data           4  os_cfg_app.o(.constdata)
    OSCfg_TickTaskStkLimit                   0x0800b284   Data           4  os_cfg_app.o(.constdata)
    OSCfg_TickTaskStkSize                    0x0800b288   Data           4  os_cfg_app.o(.constdata)
    OSCfg_TickTaskStkSizeRAM                 0x0800b28c   Data           4  os_cfg_app.o(.constdata)
    OSCfg_TmrTaskPrio                        0x0800b290   Data           1  os_cfg_app.o(.constdata)
    OSCfg_TmrTaskRate_Hz                     0x0800b294   Data           4  os_cfg_app.o(.constdata)
    OSCfg_TmrTaskStkBasePtr                  0x0800b298   Data           4  os_cfg_app.o(.constdata)
    OSCfg_TmrTaskStkLimit                    0x0800b29c   Data           4  os_cfg_app.o(.constdata)
    OSCfg_TmrTaskStkSize                     0x0800b2a0   Data           4  os_cfg_app.o(.constdata)
    OSCfg_TmrTaskStkSizeRAM                  0x0800b2a4   Data           4  os_cfg_app.o(.constdata)
    OSCfg_DataSizeRAM                        0x0800b2a8   Data           4  os_cfg_app.o(.constdata)
    OSDbg_DbgEn                              0x0800b2ac   Data           1  os_dbg.o(.constdata)
    OSDbg_ArgChkEn                           0x0800b2ad   Data           1  os_dbg.o(.constdata)
    OSDbg_AppHooksEn                         0x0800b2ae   Data           1  os_dbg.o(.constdata)
    OSDbg_EndiannessTest                     0x0800b2b0   Data           4  os_dbg.o(.constdata)
    OSDbg_CalledFromISRChkEn                 0x0800b2b4   Data           1  os_dbg.o(.constdata)
    OSDbg_FlagEn                             0x0800b2b5   Data           1  os_dbg.o(.constdata)
    OSDbg_FlagGrp                            0x0800b2b8   Data          40  os_dbg.o(.constdata)
    OSDbg_FlagDelEn                          0x0800b2e0   Data           1  os_dbg.o(.constdata)
    OSDbg_FlagModeClrEn                      0x0800b2e1   Data           1  os_dbg.o(.constdata)
    OSDbg_FlagPendAbortEn                    0x0800b2e2   Data           1  os_dbg.o(.constdata)
    OSDbg_FlagGrpSize                        0x0800b2e4   Data           2  os_dbg.o(.constdata)
    OSDbg_FlagWidth                          0x0800b2e6   Data           2  os_dbg.o(.constdata)
    OSDbg_IntQ                               0x0800b2e8   Data           2  os_dbg.o(.constdata)
    OSDbg_ISRPostDeferredEn                  0x0800b2ea   Data           1  os_dbg.o(.constdata)
    OSDbg_Mem                                0x0800b2ec   Data          32  os_dbg.o(.constdata)
    OSDbg_MemEn                              0x0800b30c   Data           1  os_dbg.o(.constdata)
    OSDbg_MemSize                            0x0800b30e   Data           2  os_dbg.o(.constdata)
    OSDbg_MsgEn                              0x0800b310   Data           1  os_dbg.o(.constdata)
    OSDbg_MsgSize                            0x0800b312   Data           2  os_dbg.o(.constdata)
    OSDbg_MsgPoolSize                        0x0800b314   Data           2  os_dbg.o(.constdata)
    OSDbg_MsgQSize                           0x0800b316   Data           2  os_dbg.o(.constdata)
    OSDbg_Mutex                              0x0800b318   Data          44  os_dbg.o(.constdata)
    OSDbg_MutexEn                            0x0800b344   Data           1  os_dbg.o(.constdata)
    OSDbg_MutexDelEn                         0x0800b345   Data           1  os_dbg.o(.constdata)
    OSDbg_MutexPendAbortEn                   0x0800b346   Data           1  os_dbg.o(.constdata)
    OSDbg_MutexSize                          0x0800b348   Data           2  os_dbg.o(.constdata)
    OSDbg_ObjTypeChkEn                       0x0800b34a   Data           1  os_dbg.o(.constdata)
    OSDbg_PendMultiEn                        0x0800b34b   Data           1  os_dbg.o(.constdata)
    OSDbg_PendDataSize                       0x0800b34c   Data           2  os_dbg.o(.constdata)
    OSDbg_PendListSize                       0x0800b34e   Data           2  os_dbg.o(.constdata)
    OSDbg_PendObjSize                        0x0800b350   Data           2  os_dbg.o(.constdata)
    OSDbg_PrioMax                            0x0800b352   Data           2  os_dbg.o(.constdata)
    OSDbg_PrioTblSize                        0x0800b354   Data           2  os_dbg.o(.constdata)
    OSDbg_PtrSize                            0x0800b356   Data           2  os_dbg.o(.constdata)
    OSDbg_Q                                  0x0800b358   Data          48  os_dbg.o(.constdata)
    OSDbg_QEn                                0x0800b388   Data           1  os_dbg.o(.constdata)
    OSDbg_QDelEn                             0x0800b389   Data           1  os_dbg.o(.constdata)
    OSDbg_QFlushEn                           0x0800b38a   Data           1  os_dbg.o(.constdata)
    OSDbg_QPendAbortEn                       0x0800b38b   Data           1  os_dbg.o(.constdata)
    OSDbg_QSize                              0x0800b38c   Data           2  os_dbg.o(.constdata)
    OSDbg_SchedRoundRobinEn                  0x0800b38e   Data           1  os_dbg.o(.constdata)
    OSDbg_Sem                                0x0800b390   Data          40  os_dbg.o(.constdata)
    OSDbg_SemEn                              0x0800b3b8   Data           1  os_dbg.o(.constdata)
    OSDbg_SemDelEn                           0x0800b3b9   Data           1  os_dbg.o(.constdata)
    OSDbg_SemPendAbortEn                     0x0800b3ba   Data           1  os_dbg.o(.constdata)
    OSDbg_SemSetEn                           0x0800b3bb   Data           1  os_dbg.o(.constdata)
    OSDbg_SemSize                            0x0800b3bc   Data           2  os_dbg.o(.constdata)
    OSDbg_RdyList                            0x0800b3be   Data           2  os_dbg.o(.constdata)
    OSDbg_RdyListSize                        0x0800b3c0   Data           4  os_dbg.o(.constdata)
    OSDbg_StkWidth                           0x0800b3c4   Data           1  os_dbg.o(.constdata)
    OSDbg_StatTaskEn                         0x0800b3c5   Data           1  os_dbg.o(.constdata)
    OSDbg_StatTaskStkChkEn                   0x0800b3c6   Data           1  os_dbg.o(.constdata)
    OSDbg_TaskChangePrioEn                   0x0800b3c7   Data           1  os_dbg.o(.constdata)
    OSDbg_TaskDelEn                          0x0800b3c8   Data           1  os_dbg.o(.constdata)
    OSDbg_TaskQEn                            0x0800b3c9   Data           1  os_dbg.o(.constdata)
    OSDbg_TaskQPendAbortEn                   0x0800b3ca   Data           1  os_dbg.o(.constdata)
    OSDbg_TaskProfileEn                      0x0800b3cb   Data           1  os_dbg.o(.constdata)
    OSDbg_TaskRegTblSize                     0x0800b3cc   Data           2  os_dbg.o(.constdata)
    OSDbg_TaskSemPendAbortEn                 0x0800b3ce   Data           1  os_dbg.o(.constdata)
    OSDbg_TaskSuspendEn                      0x0800b3cf   Data           1  os_dbg.o(.constdata)
    OSDbg_TCBSize                            0x0800b3d0   Data           2  os_dbg.o(.constdata)
    OSDbg_TickListSize                       0x0800b3d2   Data           2  os_dbg.o(.constdata)
    OSDbg_TimeDlyHMSMEn                      0x0800b3d4   Data           1  os_dbg.o(.constdata)
    OSDbg_TimeDlyResumeEn                    0x0800b3d5   Data           1  os_dbg.o(.constdata)
    OSDbg_TLS_TblSize                        0x0800b3d6   Data           2  os_dbg.o(.constdata)
    OSDbg_Tmr                                0x0800b3d8   Data          48  os_dbg.o(.constdata)
    OSDbg_TmrEn                              0x0800b408   Data           1  os_dbg.o(.constdata)
    OSDbg_TmrDelEn                           0x0800b409   Data           1  os_dbg.o(.constdata)
    OSDbg_TmrSize                            0x0800b40a   Data           2  os_dbg.o(.constdata)
    OSDbg_VersionNbr                         0x0800b40c   Data           2  os_dbg.o(.constdata)
    OSDbg_DataSize                           0x0800b410   Data           4  os_dbg.o(.constdata)
    Region$$Table$$Base                      0x0800b694   Number         0  anon$$obj.o(Region$$Table)
    Region$$Table$$Limit                     0x0800b6b4   Number         0  anon$$obj.o(Region$$Table)
    __aeabi_HUGE_VAL                         0x0800b6b4   Data           0  fpconst.o(c$$dinf)
    __aeabi_HUGE_VALL                        0x0800b6b4   Data           0  fpconst.o(c$$dinf)
    __aeabi_INFINITY                         0x0800b6b4   Data           0  fpconst.o(c$$dinf)
    __dInf                                   0x0800b6b4   Data           0  fpconst.o(c$$dinf)
    __huge_val                               0x0800b6b4   Data           0  fpconst.o(c$$dinf)
    __ctype                                  0x0800b6e5   Data           0  lc_ctype_c.o(locale$$data)
    __stdout                                 0x20000000   Data           4  driver_usart.o(.data)
    Cir_Draw                                 0x20000004   Data          36  driver_control.o(.data)
    leftinput                                0x20000028   Data           2  driver_control.o(.data)
    rightinput                               0x2000002a   Data           2  driver_control.o(.data)
    rollerinput                              0x2000002c   Data           2  driver_control.o(.data)
    Curve_FLAG                               0x2000002e   Data           1  driver_control.o(.data)
    Kinked_FLAG                              0x2000002f   Data           1  driver_control.o(.data)
    Sheet_FLAG                               0x20000030   Data           1  driver_control.o(.data)
    Stop_FLAG                                0x20000031   Data           1  driver_control.o(.data)
    Turn_FLAG                                0x20000032   Data           1  driver_control.o(.data)
    Stright_FLAG                             0x20000033   Data           1  driver_control.o(.data)
    VLoop_FLAG                               0x20000034   Data           1  driver_control.o(.data)
    given_vexpect                            0x20000038   Data           4  driver_control.o(.data)
    current                                  0x2000003c   Data           8  driver_control.o(.data)
    previous                                 0x20000044   Data           8  driver_control.o(.data)
    Dir                                      0x2000004c   Data           4  driver_control.o(.data)
    Dis                                      0x20000050   Data           4  driver_control.o(.data)
    Ang                                      0x20000054   Data           4  driver_control.o(.data)
    Vwheel1                                  0x20000058   Data           2  driver_control.o(.data)
    Vwheel2                                  0x2000005a   Data           2  driver_control.o(.data)
    Direction                                0x2000005c   Data           4  driver_control.o(.data)
    Basespeed                                0x20000060   Data           4  driver_control.o(.data)
    Baseangle                                0x20000064   Data           4  driver_control.o(.data)
    Addangle                                 0x20000068   Data           4  driver_control.o(.data)
    Boundary                                 0x2000006c   Data           4  driver_control.o(.data)
    Begining_Angle                           0x20000070   Data           4  driver_control.o(.data)
    Location_Angle                           0x20000074   Data           4  driver_control.o(.data)
    state                                    0x20000078   Data           1  driver_control.o(.data)
    Carry_Out                                0x20000079   Data           1  driver_control.o(.data)
    Record                                   0x2000007a   Data           1  driver_control.o(.data)
    EXCoor_Dif                               0x2000007b   Data           1  driver_control.o(.data)
    Coor_Dif                                 0x2000007c   Data           4  driver_control.o(.data)
    ready                                    0x20000080   Data           1  driver_control.o(.data)
    fake                                     0x20000081   Data           1  driver_control.o(.data)
    N                                        0x20000082   Data           1  driver_control.o(.data)
    flag1                                    0x20000083   Data           1  driver_control.o(.data)
    Adjust                                   0x20000084   Data           4  driver_control.o(.data)
    BaseRight                                0x20000094   Data          28  driver_colorlook.o(.data)
    Select                                   0x200000b0   Data          28  driver_colorlook.o(.data)
    Behindleft                               0x200000cc   Data          28  driver_colorlook.o(.data)
    Behindright                              0x200000e8   Data          28  driver_colorlook.o(.data)
    cnt                                      0x20000104   Data           1  stm32f4xx_it.o(.data)
    suc                                      0x20000105   Data           1  stm32f4xx_it.o(.data)
    MEM_Driver                               0x2000010c   Data          20  driver_mem.o(.data)
    test                                     0x20000120   Data           4  task_debugmsg.o(.data)
    enterflag                                0x20000124   Data           1  task_usmart.o(.data)
    RecMessage                               0x20000128   Data           4  bsp_uart.o(.data)
    USART_RX_STA                             0x2000012c   Data           2  bsp_uart.o(.data)
    ZAngle                                   0x20000130   Data           4  bsp_uart.o(.data)
    XAngle                                   0x20000134   Data           4  bsp_uart.o(.data)
    YAngle                                   0x20000138   Data           4  bsp_uart.o(.data)
    X                                        0x2000013c   Data           4  bsp_uart.o(.data)
    Y                                        0x20000140   Data           4  bsp_uart.o(.data)
    W                                        0x20000144   Data           4  bsp_uart.o(.data)
    CPU_TS_TmrFreq_Hz                        0x2000015c   Data           4  cpu_core.o(.data)
    OSPrioTbl                                0x20000160   Data           8  os_prio.o(.data)
    OS_AppTaskCreateHookPtr                  0x20000168   Data           4  os_var.o(.data)
    OS_AppTaskDelHookPtr                     0x2000016c   Data           4  os_var.o(.data)
    OS_AppTaskReturnHookPtr                  0x20000170   Data           4  os_var.o(.data)
    OS_AppIdleTaskHookPtr                    0x20000174   Data           4  os_var.o(.data)
    OS_AppStatTaskHookPtr                    0x20000178   Data           4  os_var.o(.data)
    OS_AppTaskSwHookPtr                      0x2000017c   Data           4  os_var.o(.data)
    OS_AppTimeTickHookPtr                    0x20000180   Data           4  os_var.o(.data)
    OSIdleTaskCtr                            0x20000184   Data           4  os_var.o(.data)
    OSIntNestingCtr                          0x20000188   Data           1  os_var.o(.data)
    OSRunning                                0x20000189   Data           1  os_var.o(.data)
    OSFlagDbgListPtr                         0x2000018c   Data           4  os_var.o(.data)
    OSFlagQty                                0x20000190   Data           2  os_var.o(.data)
    OSMemDbgListPtr                          0x20000194   Data           4  os_var.o(.data)
    OSMemQty                                 0x20000198   Data           2  os_var.o(.data)
    OSMutexDbgListPtr                        0x2000019c   Data           4  os_var.o(.data)
    OSMutexQty                               0x200001a0   Data           2  os_var.o(.data)
    OSPrioCur                                0x200001a2   Data           1  os_var.o(.data)
    OSPrioHighRdy                            0x200001a3   Data           1  os_var.o(.data)
    OSPrioSaved                              0x200001a4   Data           1  os_var.o(.data)
    OSQDbgListPtr                            0x200001a8   Data           4  os_var.o(.data)
    OSQQty                                   0x200001ac   Data           2  os_var.o(.data)
    OSSchedLockTimeBegin                     0x200001b0   Data           4  os_var.o(.data)
    OSSchedLockTimeMax                       0x200001b4   Data           4  os_var.o(.data)
    OSSchedLockTimeMaxCur                    0x200001b8   Data           4  os_var.o(.data)
    OSSchedLockNestingCtr                    0x200001bc   Data           1  os_var.o(.data)
    OSSemDbgListPtr                          0x200001c0   Data           4  os_var.o(.data)
    OSSemQty                                 0x200001c4   Data           2  os_var.o(.data)
    OSStatResetFlag                          0x200001c6   Data           1  os_var.o(.data)
    OSStatTaskCPUUsage                       0x200001c8   Data           2  os_var.o(.data)
    OSStatTaskCPUUsageMax                    0x200001ca   Data           2  os_var.o(.data)
    OSStatTaskCtr                            0x200001cc   Data           4  os_var.o(.data)
    OSStatTaskCtrMax                         0x200001d0   Data           4  os_var.o(.data)
    OSStatTaskCtrRun                         0x200001d4   Data           4  os_var.o(.data)
    OSStatTaskRdy                            0x200001d8   Data           1  os_var.o(.data)
    OSStatTaskTimeMax                        0x200001dc   Data           4  os_var.o(.data)
    OSTaskCtxSwCtr                           0x200001e0   Data           4  os_var.o(.data)
    OSTaskDbgListPtr                         0x200001e4   Data           4  os_var.o(.data)
    OSTaskQty                                0x200001e8   Data           2  os_var.o(.data)
    OSTaskRegNextAvailID                     0x200001ea   Data           1  os_var.o(.data)
    OSTickCtr                                0x200001ec   Data           4  os_var.o(.data)
    OSTickTaskTimeMax                        0x200001f0   Data           4  os_var.o(.data)
    OSTickListDly                            0x200001f4   Data           8  os_var.o(.data)
    OSTickListTimeout                        0x200001fc   Data           8  os_var.o(.data)
    OSTmrDbgListPtr                          0x20000204   Data           4  os_var.o(.data)
    OSTmrListEntries                         0x20000208   Data           2  os_var.o(.data)
    OSTmrListPtr                             0x2000020c   Data           4  os_var.o(.data)
    OSTmrQty                                 0x20000210   Data           2  os_var.o(.data)
    OSTmrTaskTimeMax                         0x20000214   Data           4  os_var.o(.data)
    OSTmrTickCtr                             0x20000218   Data           4  os_var.o(.data)
    OSTmrUpdateCnt                           0x2000021c   Data           4  os_var.o(.data)
    OSTmrUpdateCtr                           0x20000220   Data           4  os_var.o(.data)
    OSTCBCurPtr                              0x20000224   Data           4  os_var.o(.data)
    OSTCBHighRdyPtr                          0x20000228   Data           4  os_var.o(.data)
    OS_CPU_ExceptStkBase                     0x2000022c   Data           4  os_cpu_c.o(.data)
    sys_cmd_tab                              0x20000230   Data          28  usmart.o(.data)
    Numofparam                               0x2000024c   Data           1  usmart.o(.data)
    usmart_nametab                           0x20000250   Data          32  usmart_config.o(.data)
    usmart_dev                               0x20000270   Data         244  usmart_config.o(.data)
    Task_SysInitTCB                          0x20000364   Data         184  main.o(.bss)
    Task_SysInitStk                          0x2000041c   Data         512  main.o(.bss)
    PID_Roller_V                             0x2000061c   Data          44  driver_pid.o(.bss)
    PID_BaseLeft_V                           0x20000648   Data          44  driver_pid.o(.bss)
    PID_BaseRight_V                          0x20000674   Data          44  driver_pid.o(.bss)
    PID_Angle                                0x200006a0   Data          44  driver_pid.o(.bss)
    PID_Position                             0x200006cc   Data          44  driver_pid.o(.bss)
    temp_story                               0x200006f8   Data          12  driver_control.o(.bss)
    Hexagon                                  0x20000704   Data          60  driver_control.o(.bss)
    BaseLeft                                 0x20000740   Data          28  driver_colorlook.o(.bss)
    MEM_PORT                                 0x2000075c   Data       32768  driver_mem.o(.bss)
    MEM_STATEMAP                             0x2000875c   Data        2048  driver_mem.o(.bss)
    Task_DebugMsgStk                         0x20008f5c   Data        1024  task_sysinit.o(.bss)
    Task_CANTxStk                            0x2000935c   Data        1024  task_sysinit.o(.bss)
    Task_ControlStk                          0x2000975c   Data        1024  task_sysinit.o(.bss)
    Task_SMARTStk                            0x20009b5c   Data        1024  task_sysinit.o(.bss)
    Task_DebugMsgTCB                         0x20009f5c   Data         184  task_sysinit.o(.bss)
    Task_CANTCB                              0x2000a014   Data         184  task_sysinit.o(.bss)
    Task_ControlTCB                          0x2000a0cc   Data         184  task_sysinit.o(.bss)
    Task_USMARTTCB                           0x2000a184   Data         184  task_sysinit.o(.bss)
    CanMsgQue                                0x2000a23c   Data          48  task_sysinit.o(.bss)
    tmr1                                     0x2000a26c   Data          48  task_sysinit.o(.bss)
    tmr2                                     0x2000a29c   Data          48  task_sysinit.o(.bss)
    EventFlags                               0x2000a2cc   Data          40  task_sysinit.o(.bss)
    USART_RX_BUF                             0x2000a2f4   Data         200  bsp_uart.o(.bss)
    Encoder_RX_BUF                           0x2000a3bc   Data          28  bsp_uart.o(.bss)
    f                                        0x2000a3d8   Data          13  bsp_uart.o(.bss)
    data_to_send                             0x2000a3e5   Data          50  bsp_uart.o(.bss)
    CPU_Name                                 0x2000a449   Data          16  cpu_core.o(.bss)
    OSCfg_IdleTaskStk                        0x2000a45c   Data         512  os_cfg_app.o(.bss)
    OSCfg_ISRStk                             0x2000a65c   Data         512  os_cfg_app.o(.bss)
    OSCfg_MsgPool                            0x2000a85c   Data        1600  os_cfg_app.o(.bss)
    OSCfg_StatTaskStk                        0x2000ae9c   Data         512  os_cfg_app.o(.bss)
    OSCfg_TickTaskStk                        0x2000b09c   Data         512  os_cfg_app.o(.bss)
    OSCfg_TmrTaskStk                         0x2000b29c   Data         512  os_cfg_app.o(.bss)
    OSIdleTaskTCB                            0x2000b49c   Data         184  os_var.o(.bss)
    OSMsgPool                                0x2000b554   Data          12  os_var.o(.bss)
    OSRdyList                                0x2000b560   Data         768  os_var.o(.bss)
    OSStatTaskTCB                            0x2000b860   Data         184  os_var.o(.bss)
    OSTickTaskTCB                            0x2000b918   Data         184  os_var.o(.bss)
    OSTmrMutex                               0x2000b9d0   Data          44  os_var.o(.bss)
    OSTmrTaskTCB                             0x2000b9fc   Data         184  os_var.o(.bss)
    Param_f                                  0x2000bab4   Data          40  usmart.o(.bss)
    Param_u                                  0x2000badc   Data          10  usmart.o(.bss)
    Buf                                      0x2000bae8   Data          40  usmart.o(.bss)
    __libspace_start                         0x2000bb10   Data          96  libspace.o(.bss)
    __temporary_stack_top$libspace           0x2000bb70   Data           0  libspace.o(.bss)



==============================================================================

Memory Map of the image

  Image Entry point : 0x08000189

  Load Region LR_IROM1 (Base: 0x08000000, Size: 0x0000bb4c, Max: 0x00100000, ABSOLUTE, COMPRESSED[0x0000b874])

    Execution Region ER_IROM1 (Base: 0x08000000, Size: 0x0000b7e8, Max: 0x00100000, ABSOLUTE)

    Base Addr    Size         Type   Attr      Idx    E Section Name        Object

    0x08000000   0x00000188   Data   RO         1536    RESET               startup_stm32f40_41xxx.o
    0x08000188   0x00000008   Code   RO         8593  * !!!main             c_w.l(__main.o)
    0x08000190   0x00000034   Code   RO         9024    !!!scatter          c_w.l(__scatter.o)
    0x080001c4   0x0000005a   Code   RO         9022    !!dczerorl2         c_w.l(__dczerorl2.o)
    0x0800021e   0x00000002   PAD
    0x08000220   0x0000001c   Code   RO         9026    !!handler_zi        c_w.l(__scatter_zi.o)
    0x0800023c   0x00000000   Code   RO         8590    .ARM.Collect$$_printf_percent$$00000000  c_w.l(_printf_percent.o)
    0x0800023c   0x00000006   Code   RO         8589    .ARM.Collect$$_printf_percent$$00000003  c_w.l(_printf_f.o)
    0x08000242   0x00000006   Code   RO         8587    .ARM.Collect$$_printf_percent$$00000009  c_w.l(_printf_d.o)
    0x08000248   0x00000006   Code   RO         8588    .ARM.Collect$$_printf_percent$$0000000A  c_w.l(_printf_u.o)
    0x0800024e   0x00000006   Code   RO         8586    .ARM.Collect$$_printf_percent$$0000000C  c_w.l(_printf_x.o)
    0x08000254   0x00000006   Code   RO         8584    .ARM.Collect$$_printf_percent$$00000013  c_w.l(_printf_c.o)
    0x0800025a   0x00000006   Code   RO         8585    .ARM.Collect$$_printf_percent$$00000014  c_w.l(_printf_s.o)
    0x08000260   0x00000004   Code   RO         8704    .ARM.Collect$$_printf_percent$$00000017  c_w.l(_printf_percent_end.o)
    0x08000264   0x00000002   Code   RO         8842    .ARM.Collect$$libinit$$00000000  c_w.l(libinit.o)
    0x08000266   0x00000004   Code   RO         8843    .ARM.Collect$$libinit$$00000001  c_w.l(libinit2.o)
    0x0800026a   0x00000000   Code   RO         8846    .ARM.Collect$$libinit$$00000004  c_w.l(libinit2.o)
    0x0800026a   0x00000000   Code   RO         8849    .ARM.Collect$$libinit$$0000000A  c_w.l(libinit2.o)
    0x0800026a   0x00000000   Code   RO         8851    .ARM.Collect$$libinit$$0000000C  c_w.l(libinit2.o)
    0x0800026a   0x00000000   Code   RO         8853    .ARM.Collect$$libinit$$0000000E  c_w.l(libinit2.o)
    0x0800026a   0x00000006   Code   RO         8854    .ARM.Collect$$libinit$$0000000F  c_w.l(libinit2.o)
    0x08000270   0x00000000   Code   RO         8856    .ARM.Collect$$libinit$$00000011  c_w.l(libinit2.o)
    0x08000270   0x0000000c   Code   RO         8857    .ARM.Collect$$libinit$$00000012  c_w.l(libinit2.o)
    0x0800027c   0x00000000   Code   RO         8858    .ARM.Collect$$libinit$$00000013  c_w.l(libinit2.o)
    0x0800027c   0x00000000   Code   RO         8860    .ARM.Collect$$libinit$$00000015  c_w.l(libinit2.o)
    0x0800027c   0x0000000a   Code   RO         8861    .ARM.Collect$$libinit$$00000016  c_w.l(libinit2.o)
    0x08000286   0x00000000   Code   RO         8862    .ARM.Collect$$libinit$$00000017  c_w.l(libinit2.o)
    0x08000286   0x00000000   Code   RO         8864    .ARM.Collect$$libinit$$00000019  c_w.l(libinit2.o)
    0x08000286   0x00000000   Code   RO         8866    .ARM.Collect$$libinit$$0000001B  c_w.l(libinit2.o)
    0x08000286   0x00000000   Code   RO         8868    .ARM.Collect$$libinit$$0000001D  c_w.l(libinit2.o)
    0x08000286   0x00000000   Code   RO         8870    .ARM.Collect$$libinit$$0000001F  c_w.l(libinit2.o)
    0x08000286   0x00000000   Code   RO         8872    .ARM.Collect$$libinit$$00000021  c_w.l(libinit2.o)
    0x08000286   0x00000000   Code   RO         8874    .ARM.Collect$$libinit$$00000023  c_w.l(libinit2.o)
    0x08000286   0x00000000   Code   RO         8876    .ARM.Collect$$libinit$$00000025  c_w.l(libinit2.o)
    0x08000286   0x00000000   Code   RO         8880    .ARM.Collect$$libinit$$0000002C  c_w.l(libinit2.o)
    0x08000286   0x00000000   Code   RO         8882    .ARM.Collect$$libinit$$0000002E  c_w.l(libinit2.o)
    0x08000286   0x00000000   Code   RO         8884    .ARM.Collect$$libinit$$00000030  c_w.l(libinit2.o)
    0x08000286   0x00000000   Code   RO         8886    .ARM.Collect$$libinit$$00000032  c_w.l(libinit2.o)
    0x08000286   0x00000002   Code   RO         8887    .ARM.Collect$$libinit$$00000033  c_w.l(libinit2.o)
    0x08000288   0x00000002   Code   RO         8969    .ARM.Collect$$libshutdown$$00000000  c_w.l(libshutdown.o)
    0x0800028a   0x00000000   Code   RO         9007    .ARM.Collect$$libshutdown$$00000003  c_w.l(libshutdown2.o)
    0x0800028a   0x00000000   Code   RO         9010    .ARM.Collect$$libshutdown$$00000006  c_w.l(libshutdown2.o)
    0x0800028a   0x00000000   Code   RO         9013    .ARM.Collect$$libshutdown$$00000009  c_w.l(libshutdown2.o)
    0x0800028a   0x00000000   Code   RO         9015    .ARM.Collect$$libshutdown$$0000000B  c_w.l(libshutdown2.o)
    0x0800028a   0x00000000   Code   RO         9018    .ARM.Collect$$libshutdown$$0000000E  c_w.l(libshutdown2.o)
    0x0800028a   0x00000002   Code   RO         9019    .ARM.Collect$$libshutdown$$0000000F  c_w.l(libshutdown2.o)
    0x0800028c   0x00000000   Code   RO         8689    .ARM.Collect$$rtentry$$00000000  c_w.l(__rtentry.o)
    0x0800028c   0x00000000   Code   RO         8744    .ARM.Collect$$rtentry$$00000002  c_w.l(__rtentry2.o)
    0x0800028c   0x00000006   Code   RO         8756    .ARM.Collect$$rtentry$$00000004  c_w.l(__rtentry4.o)
    0x08000292   0x00000000   Code   RO         8746    .ARM.Collect$$rtentry$$00000009  c_w.l(__rtentry2.o)
    0x08000292   0x00000004   Code   RO         8747    .ARM.Collect$$rtentry$$0000000A  c_w.l(__rtentry2.o)
    0x08000296   0x00000000   Code   RO         8749    .ARM.Collect$$rtentry$$0000000C  c_w.l(__rtentry2.o)
    0x08000296   0x00000008   Code   RO         8750    .ARM.Collect$$rtentry$$0000000D  c_w.l(__rtentry2.o)
    0x0800029e   0x00000002   Code   RO         8890    .ARM.Collect$$rtexit$$00000000  c_w.l(rtexit.o)
    0x080002a0   0x00000000   Code   RO         8925    .ARM.Collect$$rtexit$$00000002  c_w.l(rtexit2.o)
    0x080002a0   0x00000004   Code   RO         8926    .ARM.Collect$$rtexit$$00000003  c_w.l(rtexit2.o)
    0x080002a4   0x00000006   Code   RO         8927    .ARM.Collect$$rtexit$$00000004  c_w.l(rtexit2.o)
    0x080002aa   0x00000002   PAD
    0x080002ac   0x00000040   Code   RO         1537    .text               startup_stm32f40_41xxx.o
    0x080002ec   0x00000034   Code   RO         6702    .text               cpu_a.o
    0x08000320   0x00000018   Code   RO         8533    .text               c_w.l(noretval__2printf.o)
    0x08000338   0x0000004e   Code   RO         8537    .text               c_w.l(_printf_pad.o)
    0x08000386   0x00000052   Code   RO         8539    .text               c_w.l(_printf_str.o)
    0x080003d8   0x00000078   Code   RO         8541    .text               c_w.l(_printf_dec.o)
    0x08000450   0x00000058   Code   RO         8546    .text               c_w.l(_printf_hex_int.o)
    0x080004a8   0x00000188   Code   RO         8581    .text               c_w.l(__printf_flags_ss_wp.o)
    0x08000630   0x00000006   Code   RO         8591    .text               c_w.l(heapauxi.o)
    0x08000636   0x00000016   Code   RO         8694    .text               c_w.l(_rserrno.o)
    0x0800064c   0x000000b2   Code   RO         8696    .text               c_w.l(_printf_intcommon.o)
    0x080006fe   0x0000041a   Code   RO         8698    .text               c_w.l(_printf_fp_dec.o)
    0x08000b18   0x0000002c   Code   RO         8700    .text               c_w.l(_printf_char.o)
    0x08000b44   0x00000024   Code   RO         8702    .text               c_w.l(_printf_char_file.o)
    0x08000b68   0x000000a0   Code   RO         8705    .text               c_w.l(strtod.o)
    0x08000c08   0x00000008   Code   RO         8763    .text               c_w.l(rt_locale_intlibspace.o)
    0x08000c10   0x00000008   Code   RO         8768    .text               c_w.l(rt_errno_addr_intlibspace.o)
    0x08000c18   0x0000008a   Code   RO         8770    .text               c_w.l(lludiv10.o)
    0x08000ca2   0x00000012   Code   RO         8772    .text               c_w.l(isspace.o)
    0x08000cb4   0x00000030   Code   RO         8774    .text               c_w.l(_printf_char_common.o)
    0x08000ce4   0x00000080   Code   RO         8776    .text               c_w.l(_printf_fp_infnan.o)
    0x08000d64   0x00000040   Code   RO         8778    .text               c_w.l(_sgetc.o)
    0x08000da4   0x000000dc   Code   RO         8780    .text               c_w.l(bigflt0.o)
    0x08000e80   0x00000008   Code   RO         8805    .text               c_w.l(ferror.o)
    0x08000e88   0x00000008   Code   RO         8818    .text               c_w.l(libspace.o)
    0x08000e90   0x0000004a   Code   RO         8821    .text               c_w.l(sys_stackheap_outer.o)
    0x08000eda   0x00000002   PAD
    0x08000edc   0x00000010   Code   RO         8823    .text               c_w.l(rt_ctype_table.o)
    0x08000eec   0x000004a4   Code   RO         8827    .text               c_w.l(scanf_fp.o)
    0x08001390   0x0000000c   Code   RO         8829    .text               c_w.l(exit.o)
    0x0800139c   0x00000080   Code   RO         8835    .text               c_w.l(strcmpv7m.o)
    0x0800141c   0x00000318   Code   RO         8931    .text               c_w.l(scanf_hexfp.o)
    0x08001734   0x00000134   Code   RO         8933    .text               c_w.l(scanf_infnan.o)
    0x08001868   0x00000026   Code   RO         8957    .text               c_w.l(llshl.o)
    0x0800188e   0x0000001c   Code   RO         8959    .text               c_w.l(_chval.o)
    0x080018aa   0x0000003e   Code   RO         8783    CL$$btod_d2e        c_w.l(btod.o)
    0x080018e8   0x00000046   Code   RO         8785    CL$$btod_d2e_denorm_low  c_w.l(btod.o)
    0x0800192e   0x00000060   Code   RO         8784    CL$$btod_d2e_norm_op1  c_w.l(btod.o)
    0x0800198e   0x00000338   Code   RO         8793    CL$$btod_div_common  c_w.l(btod.o)
    0x08001cc6   0x00000002   PAD
    0x08001cc8   0x00000054   Code   RO         8791    CL$$btod_e2d        c_w.l(btod.o)
    0x08001d1c   0x000000c6   Code   RO         8790    CL$$btod_e2e        c_w.l(btod.o)
    0x08001de2   0x00000028   Code   RO         8787    CL$$btod_ediv       c_w.l(btod.o)
    0x08001e0a   0x00000028   Code   RO         8789    CL$$btod_edivd      c_w.l(btod.o)
    0x08001e32   0x00000028   Code   RO         8786    CL$$btod_emul       c_w.l(btod.o)
    0x08001e5a   0x00000028   Code   RO         8788    CL$$btod_emuld      c_w.l(btod.o)
    0x08001e82   0x00000244   Code   RO         8792    CL$$btod_mult_common  c_w.l(btod.o)
    0x080020c6   0x00000002   PAD
    0x080020c8   0x000000ac   Code   RO         8220    CODE                os_cpu_a.o
    0x08002174   0x00000016   Code   RO         1639    i.ADC_Cmd           stm32f4xx_adc.o
    0x0800218a   0x00000002   PAD
    0x0800218c   0x00000030   Code   RO         1640    i.ADC_CommonInit    stm32f4xx_adc.o
    0x080021bc   0x00000054   Code   RO         1659    i.ADC_Init          stm32f4xx_adc.o
    0x08002210   0x000000e0   Code   RO          434    i.ALL_PID_Init      driver_pid.o
    0x080022f0   0x00000080   Code   RO          485    i.Angleloop_Process  driver_control.o
    0x08002370   0x000002a8   Code   RO          486    i.Arc_Move          driver_control.o
    0x08002618   0x00000038   Code   RO         1207    i.BSP_ALL_Init      bsp_all.o
    0x08002650   0x000001c0   Code   RO         1369    i.BSP_CAN_InitConfig  bsp_can.o
    0x08002810   0x0000000e   Code   RO         6455    i.BSP_CPU_ClkFreq   bsp.o
    0x0800281e   0x00000002   PAD
    0x08002820   0x00000050   Code   RO         1417    i.BSP_Color_InitConfig  bsp_color.o
    0x08002870   0x0000003c   Code   RO         1465    i.BSP_Cylinder_Init  bsp_cylinder.o
    0x080028ac   0x00000122   Code   RO         1393    i.BSP_EXTI_InitConfig  bsp_exti.o
    0x080029ce   0x00000002   PAD
    0x080029d0   0x00000090   Code   RO         1441    i.BSP_Laser_Init    bsp_laser.o
    0x08002a60   0x0000000c   Code   RO         1231    i.BSP_NVIC_InitConfig  bsp_nvic.o
    0x08002a6c   0x00000024   Code   RO         1513    i.BSP_PhotoelectricTube_Init  bsp_photoelectrictube.o
    0x08002a90   0x00000034   Code   RO         1489    i.BSP_Swich_Init    bsp_switch.o
    0x08002ac4   0x000000cc   Code   RO         1255    i.BSP_TIME_InitConfig  bsp_time.o
    0x08002b90   0x000002d0   Code   RO         1288    i.BSP_UART_InitConfig  bsp_uart.o
    0x08002e60   0x0000003c   Code   RO          353    i.BaseMotorControl  driver_motor.o
    0x08002e9c   0x00000078   Code   RO          689    i.BlueFilter        driver_colorlook.o
    0x08002f14   0x00000004   Code   RO          744    i.BusFault_Handler  stm32f4xx_it.o
    0x08002f18   0x00000084   Code   RO          390    i.CAN1_Process      driver_can.o
    0x08002f9c   0x0000005c   Code   RO          745    i.CAN1_RX0_IRQHandler  stm32f4xx_it.o
    0x08002ff8   0x0000004c   Code   RO          746    i.CAN1_TX_IRQHandler  stm32f4xx_it.o
    0x08003044   0x00000002   Code   RO          391    i.CAN2_Process      driver_can.o
    0x08003046   0x00000002   PAD
    0x08003048   0x0000005c   Code   RO          747    i.CAN2_RX0_IRQHandler  stm32f4xx_it.o
    0x080030a4   0x0000004c   Code   RO          748    i.CAN2_TX_IRQHandler  stm32f4xx_it.o
    0x080030f0   0x000000a8   Code   RO         1881    i.CAN_ClearITPendingBit  stm32f4xx_can.o
    0x08003198   0x00000038   Code   RO         1883    i.CAN_DeInit        stm32f4xx_can.o
    0x080031d0   0x00000108   Code   RO         1885    i.CAN_FilterInit    stm32f4xx_can.o
    0x080032d8   0x00000012   Code   RO         1891    i.CAN_ITConfig      stm32f4xx_can.o
    0x080032ea   0x00000114   Code   RO         1892    i.CAN_Init          stm32f4xx_can.o
    0x080033fe   0x000000f0   Code   RO         1895    i.CAN_Receive       stm32f4xx_can.o
    0x080034ee   0x00000020   Code   RO         1898    i.CAN_StructInit    stm32f4xx_can.o
    0x0800350e   0x00000126   Code   RO         1900    i.CAN_Transmit      stm32f4xx_can.o
    0x08003634   0x0000000c   Code   RO         6584    i.CPU_Init          cpu_core.o
    0x08003640   0x00000030   Code   RO         6585    i.CPU_NameClr       cpu_core.o
    0x08003670   0x00000008   Code   RO         6587    i.CPU_NameInit      cpu_core.o
    0x08003678   0x00000014   Code   RO         6591    i.CPU_TS_Init       cpu_core.o
    0x0800368c   0x0000000c   Code   RO         6593    i.CPU_TS_TmrFreqSet  cpu_core.o
    0x08003698   0x00000034   Code   RO         6457    i.CPU_TS_TmrInit    bsp.o
    0x080036cc   0x0000000c   Code   RO         6458    i.CPU_TS_TmrRd      bsp.o
    0x080036d8   0x000000f0   Code   RO          488    i.Cir_ParamSet      driver_control.o
    0x080037c8   0x000000a4   Code   RO          490    i.Closeloop_Speed   driver_control.o
    0x0800386c   0x000000a0   Code   RO          690    i.Color_Process     driver_colorlook.o
    0x0800390c   0x000001f4   Code   RO          492    i.Curve_Move        driver_control.o
    0x08003b00   0x00000034   Code   RO         2616    i.DMA_ClearFlag     stm32f4xx_dma.o
    0x08003b34   0x00000016   Code   RO         2618    i.DMA_Cmd           stm32f4xx_dma.o
    0x08003b4a   0x00000002   PAD
    0x08003b4c   0x00000158   Code   RO         2619    i.DMA_DeInit        stm32f4xx_dma.o
    0x08003ca4   0x00000014   Code   RO         2623    i.DMA_GetCmdStatus  stm32f4xx_dma.o
    0x08003cb8   0x00000058   Code   RO         2630    i.DMA_Init          stm32f4xx_dma.o
    0x08003d10   0x00000004   Code   RO         2633    i.DMA_SetCurrDataCounter  stm32f4xx_dma.o
    0x08003d14   0x00000002   Code   RO          749    i.DebugMon_Handler  stm32f4xx_it.o
    0x08003d16   0x00000002   PAD
    0x08003d18   0x00000024   Code   RO          750    i.EXTI0_IRQHandler  stm32f4xx_it.o
    0x08003d3c   0x00000028   Code   RO          751    i.EXTI1_IRQHandler  stm32f4xx_it.o
    0x08003d64   0x00000028   Code   RO          752    i.EXTI2_IRQHandler  stm32f4xx_it.o
    0x08003d8c   0x00000028   Code   RO          753    i.EXTI3_IRQHandler  stm32f4xx_it.o
    0x08003db4   0x00000028   Code   RO          754    i.EXTI4_IRQHandler  stm32f4xx_it.o
    0x08003ddc   0x00000028   Code   RO          755    i.EXTI9_5_IRQHandler  stm32f4xx_it.o
    0x08003e04   0x0000000c   Code   RO         2884    i.EXTI_ClearITPendingBit  stm32f4xx_exti.o
    0x08003e10   0x00000094   Code   RO         2889    i.EXTI_Init         stm32f4xx_exti.o
    0x08003ea4   0x00000104   Code   RO         1289    i.Encoder_Decode    bsp_uart.o
    0x08003fa8   0x00000054   Code   RO          493    i.Error_Admission   driver_control.o
    0x08003ffc   0x00000090   Code   RO         3376    i.GPIO_Init         stm32f4xx_gpio.o
    0x0800408c   0x00000046   Code   RO         3377    i.GPIO_PinAFConfig  stm32f4xx_gpio.o
    0x080040d2   0x00000004   Code   RO         3384    i.GPIO_SetBits      stm32f4xx_gpio.o
    0x080040d6   0x00000002   PAD
    0x080040d8   0x00000054   Code   RO         8316    i.Get_fParam        usmart.o
    0x0800412c   0x00000070   Code   RO          691    i.GreenFilter       driver_colorlook.o
    0x0800419c   0x00000004   Code   RO          756    i.HardFault_Handler  stm32f4xx_it.o
    0x080041a0   0x00000128   Code   RO          495    i.Hexagon_Move      driver_control.o
    0x080042c8   0x000000e8   Code   RO          496    i.Hexagon_ParamSet  driver_control.o
    0x080043b0   0x0000002c   Code   RO          936    i.MEM_Init          driver_mem.o
    0x080043dc   0x00000016   Code   RO          937    i.MEM_Set           driver_mem.o
    0x080043f2   0x00000002   PAD
    0x080043f4   0x0000002c   Code   RO          938    i.MEM_Used          driver_mem.o
    0x08004420   0x00000068   Code   RO          939    i.MEM_free          driver_mem.o
    0x08004488   0x0000007c   Code   RO          940    i.MEM_malloc        driver_mem.o
    0x08004504   0x00000004   Code   RO          757    i.MemManage_Handler  stm32f4xx_it.o
    0x08004508   0x00000012   Code   RO         6894    i.Mem_Clr           lib_mem.o
    0x0800451a   0x00000054   Code   RO         6910    i.Mem_Set           lib_mem.o
    0x0800456e   0x00000002   Code   RO          758    i.NMI_Handler       stm32f4xx_it.o
    0x08004570   0x00000078   Code   RO         1585    i.NVIC_Init         misc.o
    0x080045e8   0x00000014   Code   RO         1586    i.NVIC_PriorityGroupConfig  misc.o
    0x080045fc   0x00000002   Code   RO         7163    i.OSCfg_Init        os_cfg_app.o
    0x080045fe   0x00000002   PAD
    0x08004600   0x00000080   Code   RO         7417    i.OSFlagCreate      os_flag.o
    0x08004680   0x00000074   Code   RO         7422    i.OSFlagPost        os_flag.o
    0x080046f4   0x00000014   Code   RO         8226    i.OSIdleTaskHook    os_cpu_c.o
    0x08004708   0x00000164   Code   RO         7186    i.OSInit            os_core.o
    0x0800486c   0x00000028   Code   RO         8227    i.OSInitHook        os_cpu_c.o
    0x08004894   0x0000002c   Code   RO         7187    i.OSIntEnter        os_core.o
    0x080048c0   0x000000dc   Code   RO         7188    i.OSIntExit         os_core.o
    0x0800499c   0x00000088   Code   RO         7579    i.OSMutexCreate     os_mutex.o
    0x08004a24   0x00000250   Code   RO         7581    i.OSMutexPend       os_mutex.o
    0x08004c74   0x00000174   Code   RO         7583    i.OSMutexPost       os_mutex.o
    0x08004de8   0x00000090   Code   RO         7682    i.OSQCreate         os_q.o
    0x08004e78   0x000001d0   Code   RO         7685    i.OSQPend           os_q.o
    0x08005048   0x000000a0   Code   RO         7189    i.OSSched           os_core.o
    0x080050e8   0x00000074   Code   RO         7190    i.OSSchedLock       os_core.o
    0x0800515c   0x00000094   Code   RO         7191    i.OSSchedUnlock     os_core.o
    0x080051f0   0x00000068   Code   RO         7192    i.OSStart           os_core.o
    0x08005258   0x00000128   Code   RO         7826    i.OSStatReset       os_stat.o
    0x08005380   0x000000f0   Code   RO         7827    i.OSStatTaskCPUUsageInit  os_stat.o
    0x08005470   0x00000014   Code   RO         8228    i.OSStatTaskHook    os_cpu_c.o
    0x08005484   0x0000019c   Code   RO         7857    i.OSTaskCreate      os_task.o
    0x08005620   0x00000018   Code   RO         8229    i.OSTaskCreateHook  os_cpu_c.o
    0x08005638   0x00000128   Code   RO         7858    i.OSTaskDel         os_task.o
    0x08005760   0x00000018   Code   RO         8230    i.OSTaskDelHook     os_cpu_c.o
    0x08005778   0x00000068   Code   RO         7866    i.OSTaskResume      os_task.o
    0x080057e0   0x00000018   Code   RO         8231    i.OSTaskReturnHook  os_cpu_c.o
    0x080057f8   0x000001dc   Code   RO         7867    i.OSTaskSemPend     os_task.o
    0x080059d4   0x0000003e   Code   RO         7869    i.OSTaskSemPost     os_task.o
    0x08005a12   0x00000002   PAD
    0x08005a14   0x000000d4   Code   RO         7871    i.OSTaskStkChk      os_task.o
    0x08005ae8   0x0000025c   Code   RO         8232    i.OSTaskStkInit     os_cpu_c.o
    0x08005d44   0x00000038   Code   RO         7872    i.OSTaskSuspend     os_task.o
    0x08005d7c   0x00000088   Code   RO         8233    i.OSTaskSwHook      os_cpu_c.o
    0x08005e04   0x000000b8   Code   RO         8070    i.OSTimeDly         os_time.o
    0x08005ebc   0x00000190   Code   RO         8071    i.OSTimeDlyHMSM     os_time.o
    0x0800604c   0x00000044   Code   RO         8075    i.OSTimeTick        os_time.o
    0x08006090   0x00000014   Code   RO         8234    i.OSTimeTickHook    os_cpu_c.o
    0x080060a4   0x000000b4   Code   RO         8112    i.OSTmrCreate       os_tmr.o
    0x08006158   0x00000100   Code   RO         8115    i.OSTmrStart        os_tmr.o
    0x08006258   0x00000030   Code   RO         8236    i.OS_CPU_SysTickInit  os_cpu_c.o
    0x08006288   0x000001a8   Code   RO         7402    i.OS_Dbg_Init       os_dbg.o
    0x08006430   0x00000030   Code   RO         7425    i.OS_FlagDbgListAdd  os_flag.o
    0x08006460   0x00000018   Code   RO         7427    i.OS_FlagInit       os_flag.o
    0x08006478   0x00000196   Code   RO         7428    i.OS_FlagPost       os_flag.o
    0x0800660e   0x00000064   Code   RO         7429    i.OS_FlagTaskRdy    os_flag.o
    0x08006672   0x00000002   PAD
    0x08006674   0x00000044   Code   RO         7194    i.OS_IdleTask       os_core.o
    0x080066b8   0x00000070   Code   RO         7195    i.OS_IdleTaskInit   os_core.o
    0x08006728   0x00000018   Code   RO         7511    i.OS_MemInit        os_mem.o
    0x08006740   0x0000007c   Code   RO         7543    i.OS_MsgPoolInit    os_msg.o
    0x080067bc   0x00000044   Code   RO         7544    i.OS_MsgQFreeAll    os_msg.o
    0x08006800   0x00000068   Code   RO         7545    i.OS_MsgQGet        os_msg.o
    0x08006868   0x0000000e   Code   RO         7546    i.OS_MsgQInit       os_msg.o
    0x08006876   0x00000002   PAD
    0x08006878   0x00000030   Code   RO         7585    i.OS_MutexDbgListAdd  os_mutex.o
    0x080068a8   0x00000018   Code   RO         7587    i.OS_MutexInit      os_mutex.o
    0x080068c0   0x00000068   Code   RO         7196    i.OS_Pend           os_core.o
    0x08006928   0x00000026   Code   RO         7199    i.OS_PendDataInit   os_core.o
    0x0800694e   0x00000002   PAD
    0x08006950   0x0000005c   Code   RO         7200    i.OS_PendDbgNameAdd  os_core.o
    0x080069ac   0x00000024   Code   RO         7201    i.OS_PendDbgNameRemove  os_core.o
    0x080069d0   0x00000046   Code   RO         7202    i.OS_PendListChangePrio  os_core.o
    0x08006a16   0x0000000a   Code   RO         7203    i.OS_PendListInit   os_core.o
    0x08006a20   0x00000066   Code   RO         7205    i.OS_PendListInsertPrio  os_core.o
    0x08006a86   0x00000030   Code   RO         7206    i.OS_PendListRemove  os_core.o
    0x08006ab6   0x00000042   Code   RO         7207    i.OS_PendListRemove1  os_core.o
    0x08006af8   0x000000d6   Code   RO         7210    i.OS_Post           os_core.o
    0x08006bce   0x0000002a   Code   RO         7211    i.OS_Post1          os_core.o
    0x08006bf8   0x00000028   Code   RO         7645    i.OS_PrioGetHighest  os_prio.o
    0x08006c20   0x00000018   Code   RO         7646    i.OS_PrioInit       os_prio.o
    0x08006c38   0x00000024   Code   RO         7647    i.OS_PrioInsert     os_prio.o
    0x08006c5c   0x00000024   Code   RO         7648    i.OS_PrioRemove     os_prio.o
    0x08006c80   0x00000030   Code   RO         7689    i.OS_QDbgListAdd    os_q.o
    0x08006cb0   0x00000018   Code   RO         7691    i.OS_QInit          os_q.o
    0x08006cc8   0x00000024   Code   RO         7212    i.OS_RdyListInit    os_core.o
    0x08006cec   0x0000002c   Code   RO         7213    i.OS_RdyListInsert  os_core.o
    0x08006d18   0x00000040   Code   RO         7214    i.OS_RdyListInsertHead  os_core.o
    0x08006d58   0x0000003c   Code   RO         7215    i.OS_RdyListInsertTail  os_core.o
    0x08006d94   0x0000005c   Code   RO         7217    i.OS_RdyListRemove  os_core.o
    0x08006df0   0x0000001c   Code   RO         7218    i.OS_SchedLockTimeMeasStart  os_core.o
    0x08006e0c   0x0000003c   Code   RO         7219    i.OS_SchedLockTimeMeasStop  os_core.o
    0x08006e48   0x00000018   Code   RO         7763    i.OS_SemInit        os_sem.o
    0x08006e60   0x000002e8   Code   RO         7828    i.OS_StatTask       os_stat.o
    0x08007148   0x000000cc   Code   RO         7829    i.OS_StatTaskInit   os_stat.o
    0x08007214   0x0000002c   Code   RO         7220    i.OS_TaskBlock      os_core.o
    0x08007240   0x00000030   Code   RO         7873    i.OS_TaskDbgListAdd  os_task.o
    0x08007270   0x00000044   Code   RO         7874    i.OS_TaskDbgListRemove  os_task.o
    0x080072b4   0x00000020   Code   RO         7875    i.OS_TaskInit       os_task.o
    0x080072d4   0x000000b4   Code   RO         7876    i.OS_TaskInitTCB    os_task.o
    0x08007388   0x00000100   Code   RO         7878    i.OS_TaskResume     os_task.o
    0x08007488   0x00000018   Code   RO         7879    i.OS_TaskReturn     os_task.o
    0x080074a0   0x000001c4   Code   RO         7880    i.OS_TaskSemPost    os_task.o
    0x08007664   0x00000118   Code   RO         7881    i.OS_TaskSuspend    os_task.o
    0x0800777c   0x00000086   Code   RO         8018    i.OS_TickListInsert  os_tick.o
    0x08007802   0x00000002   PAD
    0x08007804   0x000000bc   Code   RO         8019    i.OS_TickListInsertDly  os_tick.o
    0x080078c0   0x00000058   Code   RO         8020    i.OS_TickListRemove  os_tick.o
    0x08007918   0x00000002   Code   RO         8021    i.OS_TickListResetPeak  os_tick.o
    0x0800791a   0x00000002   PAD
    0x0800791c   0x00000098   Code   RO         8022    i.OS_TickListUpdateDly  os_tick.o
    0x080079b4   0x000000d4   Code   RO         8023    i.OS_TickListUpdateTimeout  os_tick.o
    0x08007a88   0x00000070   Code   RO         8024    i.OS_TickTask       os_tick.o
    0x08007af8   0x000000c8   Code   RO         8025    i.OS_TickTaskInit   os_tick.o
    0x08007bc0   0x00000028   Code   RO         8119    i.OS_TmrDbgListAdd  os_tmr.o
    0x08007be8   0x00000134   Code   RO         8121    i.OS_TmrInit        os_tmr.o
    0x08007d1c   0x00000018   Code   RO         8122    i.OS_TmrLock        os_tmr.o
    0x08007d34   0x00000002   Code   RO         8123    i.OS_TmrResetPeak   os_tmr.o
    0x08007d36   0x00000002   PAD
    0x08007d38   0x00000094   Code   RO         8124    i.OS_TmrTask        os_tmr.o
    0x08007dcc   0x00000044   Code   RO         8125    i.OS_TmrUnlink      os_tmr.o
    0x08007e10   0x00000014   Code   RO         8126    i.OS_TmrUnlock      os_tmr.o
    0x08007e24   0x00000060   Code   RO          435    i.PIDStruct_Init    driver_pid.o
    0x08007e84   0x00000138   Code   RO          436    i.PID_Calc          driver_pid.o
    0x08007fbc   0x00000016   Code   RO          437    i.PID_Param_Init    driver_pid.o
    0x08007fd2   0x00000034   Code   RO          438    i.PID_Param_Modify  driver_pid.o
    0x08008006   0x00000002   PAD
    0x08008008   0x00000020   Code   RO         4272    i.RCC_AHB1PeriphClockCmd  stm32f4xx_rcc.o
    0x08008028   0x00000020   Code   RO         4281    i.RCC_APB1PeriphClockCmd  stm32f4xx_rcc.o
    0x08008048   0x00000020   Code   RO         4283    i.RCC_APB1PeriphResetCmd  stm32f4xx_rcc.o
    0x08008068   0x00000020   Code   RO         4284    i.RCC_APB2PeriphClockCmd  stm32f4xx_rcc.o
    0x08008088   0x000000e8   Code   RO         4293    i.RCC_GetClocksFreq  stm32f4xx_rcc.o
    0x08008170   0x00000070   Code   RO          692    i.RedFilter         driver_colorlook.o
    0x080081e0   0x00000002   Code   RO          759    i.SVC_Handler       stm32f4xx_it.o
    0x080081e2   0x00000002   PAD
    0x080081e4   0x00000040   Code   RO         5574    i.SYSCFG_EXTILineConfig  stm32f4xx_syscfg.o
    0x08008224   0x000000ec   Code   RO         1544    i.SetSysClock       system_stm32f4xx.o
    0x08008310   0x00000068   Code   RO          354    i.SheetControl      driver_motor.o
    0x08008378   0x00000024   Code   RO         1051    i.SysModule_Init    task_sysinit.o
    0x0800839c   0x0000001c   Code   RO          885    i.SysTick_Handler   driver_delay.o
    0x080083b8   0x00000068   Code   RO         1546    i.SystemInit        system_stm32f4xx.o
    0x08008420   0x0000003c   Code   RO         8317    i.TIM3_IRQHandler   usmart.o
    0x0800845c   0x00000018   Code   RO         5635    i.TIM_ARRPreloadConfig  stm32f4xx_tim.o
    0x08008474   0x00000018   Code   RO         5647    i.TIM_Cmd           stm32f4xx_tim.o
    0x0800848c   0x00000012   Code   RO         5672    i.TIM_ITConfig      stm32f4xx_tim.o
    0x0800849e   0x00000002   PAD
    0x080084a0   0x0000007c   Code   RO         5676    i.TIM_OC1Init       stm32f4xx_tim.o
    0x0800851c   0x000000a4   Code   RO         5681    i.TIM_OC2Init       stm32f4xx_tim.o
    0x080085c0   0x000000a0   Code   RO         5686    i.TIM_OC3Init       stm32f4xx_tim.o
    0x08008660   0x00000078   Code   RO         5691    i.TIM_OC4Init       stm32f4xx_tim.o
    0x080086d8   0x00000004   Code   RO         5709    i.TIM_SetCompare1   stm32f4xx_tim.o
    0x080086dc   0x00000004   Code   RO         5710    i.TIM_SetCompare2   stm32f4xx_tim.o
    0x080086e0   0x00000004   Code   RO         5711    i.TIM_SetCompare3   stm32f4xx_tim.o
    0x080086e4   0x00000004   Code   RO         5712    i.TIM_SetCompare4   stm32f4xx_tim.o
    0x080086e8   0x00000084   Code   RO         5719    i.TIM_TimeBaseInit  stm32f4xx_tim.o
    0x0800876c   0x0000004c   Code   RO         1129    i.Task_CanTx        task_cantx.o
    0x080087b8   0x00000018   Code   RO         1154    i.Task_Control      task_control.o
    0x080087d0   0x00000114   Code   RO         1100    i.Task_DebugMsg     task_debugmsg.o
    0x080088e4   0x00000218   Code   RO         1052    i.Task_SysInit      task_sysinit.o
    0x08008afc   0x000001f8   Code   RO         1179    i.Task_USMART       task_usmart.o
    0x08008cf4   0x0000005c   Code   RO         8318    i.Timer3_Init       usmart.o
    0x08008d50   0x0000006c   Code   RO          760    i.UART4_IRQHandler  stm32f4xx_it.o
    0x08008dbc   0x00000090   Code   RO          761    i.USART2_IRQHandler  stm32f4xx_it.o
    0x08008e4c   0x00000090   Code   RO          762    i.USART3_IRQHandler  stm32f4xx_it.o
    0x08008edc   0x00000012   Code   RO         6197    i.USART_ClearFlag   stm32f4xx_usart.o
    0x08008eee   0x00000018   Code   RO         6201    i.USART_Cmd         stm32f4xx_usart.o
    0x08008f06   0x00000012   Code   RO         6202    i.USART_DMACmd      stm32f4xx_usart.o
    0x08008f18   0x00000054   Code   RO         6205    i.USART_GetITStatus  stm32f4xx_usart.o
    0x08008f6c   0x0000004a   Code   RO         6207    i.USART_ITConfig    stm32f4xx_usart.o
    0x08008fb6   0x00000002   PAD
    0x08008fb8   0x000000d4   Code   RO         6208    i.USART_Init        stm32f4xx_usart.o
    0x0800908c   0x0000000a   Code   RO         6215    i.USART_ReceiveData  stm32f4xx_usart.o
    0x08009096   0x00000002   PAD
    0x08009098   0x00000028   Code   RO          501    i.USMART_ChangeParam  driver_control.o
    0x080090c0   0x00000048   Code   RO          502    i.USMART_Circle     driver_control.o
    0x08009108   0x0000006c   Code   RO          503    i.USMART_Curve      driver_control.o
    0x08009174   0x000000ac   Code   RO          504    i.USMART_Kinked     driver_control.o
    0x08009220   0x0000002c   Code   RO          505    i.USMART_Sheet      driver_control.o
    0x0800924c   0x0000001c   Code   RO          506    i.USMART_Stop       driver_control.o
    0x08009268   0x00000044   Code   RO          507    i.USMART_Travel     driver_control.o
    0x080092ac   0x00000064   Code   RO          508    i.USMART_Turn       driver_control.o
    0x08009310   0x00000004   Code   RO          763    i.UsageFault_Handler  stm32f4xx_it.o
    0x08009314   0x00000016   Code   RO          510    i.WaitForEncoder    driver_control.o
    0x0800932a   0x00000030   Code   RO         8738    i.__ARM_fpclassify  m_wm.l(fpclassify.o)
    0x0800935a   0x00000006   PAD
    0x08009360   0x000002d8   Code   RO         8637    i.__hardfp_atan     m_wm.l(atan.o)
    0x08009638   0x00000038   Code   RO         8651    i.__hardfp_atof     m_wm.l(atof.o)
    0x08009670   0x00000014   Code   RO         8657    i.__hardfp_fabs     m_wm.l(fabs.o)
    0x08009684   0x00000004   PAD
    0x08009688   0x000000d0   Code   RO         8970    i.__hardfp_ldexp    m_wm.l(ldexp.o)
    0x08009758   0x000000f8   Code   RO         8740    i.__kernel_poly     m_wm.l(poly.o)
    0x08009850   0x00000014   Code   RO         8725    i.__mathlib_dbl_infnan  m_wm.l(dunder.o)
    0x08009864   0x00000004   PAD
    0x08009868   0x00000020   Code   RO         8728    i.__mathlib_dbl_overflow  m_wm.l(dunder.o)
    0x08009888   0x00000020   Code   RO         8730    i.__mathlib_dbl_underflow  m_wm.l(dunder.o)
    0x080098a8   0x000000b8   Code   RO         8917    i.__mathlib_narrow  m_wm.l(narrow.o)
    0x08009960   0x00000014   Code   RO         8972    i.__support_ldexp   m_wm.l(ldexp.o)
    0x08009974   0x0000000e   Code   RO         8574    i._is_digit         c_w.l(__printf_wp.o)
    0x08009982   0x00000004   Code   RO          265    i._sys_exit         driver_usart.o
    0x08009986   0x00000002   PAD
    0x08009988   0x00000054   Code   RO          887    i.delay_ms          driver_delay.o
    0x080099dc   0x00000060   Code   RO          888    i.delay_us          driver_delay.o
    0x08009a3c   0x00000018   Code   RO         8659    i.fabs              m_wm.l(fabs.o)
    0x08009a54   0x0000001c   Code   RO          266    i.fputc             driver_usart.o
    0x08009a70   0x0000008c   Code   RO         8947    i.frexp             m_wm.l(frexp.o)
    0x08009afc   0x00000014   Code   RO         8319    i.getstr            usmart.o
    0x08009b10   0x0000005c   Code   RO            4    i.main              main.o
    0x08009b6c   0x00000006   Code   RO         8320    i.read_addr         usmart.o
    0x08009b72   0x00000002   PAD
    0x08009b74   0x0000003c   Code   RO          511    i.tmr_1s_callback   driver_control.o
    0x08009bb0   0x00000038   Code   RO          512    i.tmr_20ms_callback  driver_control.o
    0x08009be8   0x000000b0   Code   RO         8321    i.usmart_cmd_rec    usmart.o
    0x08009c98   0x000002d8   Code   RO         8322    i.usmart_exe        usmart.o
    0x08009f70   0x000000c8   Code   RO         8446    i.usmart_get_aparm  usmart_str.o
    0x0800a038   0x000001c0   Code   RO         8448    i.usmart_get_fname  usmart_str.o
    0x0800a1f8   0x0000010c   Code   RO         8449    i.usmart_get_fparam  usmart_str.o
    0x0800a304   0x00000020   Code   RO         8450    i.usmart_get_parmpos  usmart_str.o
    0x0800a324   0x00000040   Code   RO         8323    i.usmart_get_runtime  usmart.o
    0x0800a364   0x00000028   Code   RO         8324    i.usmart_init       usmart.o
    0x0800a38c   0x00000016   Code   RO         8451    i.usmart_pow        usmart_str.o
    0x0800a3a2   0x00000002   PAD
    0x0800a3a4   0x00000030   Code   RO         8325    i.usmart_reset_runtime  usmart.o
    0x0800a3d4   0x000000a8   Code   RO         8326    i.usmart_scan       usmart.o
    0x0800a47c   0x00000016   Code   RO         8452    i.usmart_search_nextc  usmart_str.o
    0x0800a492   0x000000ca   Code   RO         8453    i.usmart_str2num    usmart_str.o
    0x0800a55c   0x00000022   Code   RO         8454    i.usmart_strcmp     usmart_str.o
    0x0800a57e   0x00000016   Code   RO         8455    i.usmart_strcopy    usmart_str.o
    0x0800a594   0x00000018   Code   RO         8456    i.usmart_strlen     usmart_str.o
    0x0800a5ac   0x00000004   Code   RO         8328    i.write_addr        usmart.o
    0x0800a5b0   0x0000002c   Code   RO         8810    locale$$code        c_w.l(lc_numeric_c.o)
    0x0800a5dc   0x0000002c   Code   RO         8895    locale$$code        c_w.l(lc_ctype_c.o)
    0x0800a608   0x00000018   Code   RO         8707    x$fpl$basic         fz_wm.l(basic.o)
    0x0800a620   0x00000062   Code   RO         8595    x$fpl$d2f           fz_wm.l(d2f.o)
    0x0800a682   0x00000002   PAD
    0x0800a684   0x00000150   Code   RO         8597    x$fpl$dadd          fz_wm.l(daddsub_clz.o)
    0x0800a7d4   0x00000010   Code   RO         8812    x$fpl$dcheck1       fz_wm.l(dcheck1.o)
    0x0800a7e4   0x00000018   Code   RO         8709    x$fpl$dcmpinf       fz_wm.l(dcmpi.o)
    0x0800a7fc   0x000002b0   Code   RO         8604    x$fpl$ddiv          fz_wm.l(ddiv.o)
    0x0800aaac   0x00000078   Code   RO         8943    x$fpl$deqf          fz_wm.l(deqf.o)
    0x0800ab24   0x0000002e   Code   RO         8608    x$fpl$dflt          fz_wm.l(dflt_clz.o)
    0x0800ab52   0x00000002   PAD
    0x0800ab54   0x00000078   Code   RO         8613    x$fpl$dleqf         fz_wm.l(dleqf.o)
    0x0800abcc   0x00000154   Code   RO         8615    x$fpl$dmul          fz_wm.l(dmul.o)
    0x0800ad20   0x0000009c   Code   RO         8711    x$fpl$dnaninf       fz_wm.l(dnaninf.o)
    0x0800adbc   0x0000000c   Code   RO         8713    x$fpl$dretinf       fz_wm.l(dretinf.o)
    0x0800adc8   0x0000006c   Code   RO         8617    x$fpl$drleqf        fz_wm.l(drleqf.o)
    0x0800ae34   0x00000016   Code   RO         8598    x$fpl$drsb          fz_wm.l(daddsub_clz.o)
    0x0800ae4a   0x00000002   PAD
    0x0800ae4c   0x000001d4   Code   RO         8599    x$fpl$dsub          fz_wm.l(daddsub_clz.o)
    0x0800b020   0x00000056   Code   RO         8619    x$fpl$f2d           fz_wm.l(f2d.o)
    0x0800b076   0x0000008c   Code   RO         8717    x$fpl$fnaninf       fz_wm.l(fnaninf.o)
    0x0800b102   0x0000000a   Code   RO         8906    x$fpl$fpinit        fz_wm.l(fpinit.o)
    0x0800b10c   0x0000000a   Code   RO         8719    x$fpl$fretinf       fz_wm.l(fretinf.o)
    0x0800b116   0x00000004   Code   RO         8621    x$fpl$printf1       fz_wm.l(printf1.o)
    0x0800b11a   0x00000064   Code   RO         8888    x$fpl$retnan        fz_wm.l(retnan.o)
    0x0800b17e   0x0000005c   Code   RO         8721    x$fpl$scalbn        fz_wm.l(scalbn.o)
    0x0800b1da   0x00000004   Code   RO         8816    x$fpl$scanf1        fz_wm.l(scanf1.o)
    0x0800b1de   0x00000008   Code   RO         8908    x$fpl$scanf2        fz_wm.l(scanf2.o)
    0x0800b1e6   0x00000030   Code   RO         8914    x$fpl$trapveneer    fz_wm.l(trapv.o)
    0x0800b216   0x00000000   Code   RO         8723    x$fpl$usenofp       fz_wm.l(usenofp.o)
    0x0800b216   0x00000002   PAD
    0x0800b218   0x00000094   Data   RO         7165    .constdata          os_cfg_app.o
    0x0800b2ac   0x00000168   Data   RO         7403    .constdata          os_dbg.o
    0x0800b414   0x00000028   Data   RO         8547    .constdata          c_w.l(_printf_hex_int.o)
    0x0800b43c   0x00000011   Data   RO         8582    .constdata          c_w.l(__printf_flags_ss_wp.o)
    0x0800b44d   0x00000003   PAD
    0x0800b450   0x00000098   Data   RO         8640    .constdata          m_wm.l(atan.o)
    0x0800b4e8   0x00000094   Data   RO         8781    .constdata          c_w.l(bigflt0.o)
    0x0800b57c   0x00000084   Data   RO         1101    .conststring        task_debugmsg.o
    0x0800b600   0x00000028   Data   RO         8330    .conststring        usmart.o
    0x0800b628   0x0000006b   Data   RO         8421    .conststring        usmart_config.o
    0x0800b693   0x00000001   PAD
    0x0800b694   0x00000020   Data   RO         9020    Region$$Table       anon$$obj.o
    0x0800b6b4   0x00000008   Data   RO         8903    c$$dinf             fz_wm.l(fpconst.o)
    0x0800b6bc   0x0000001c   Data   RO         8809    locale$$data        c_w.l(lc_numeric_c.o)
    0x0800b6d8   0x00000110   Data   RO         8894    locale$$data        c_w.l(lc_ctype_c.o)


    Execution Region RW_IRAM1 (Base: 0x20000000, Size: 0x0000c170, Max: 0x00020000, ABSOLUTE, COMPRESSED[0x0000008c])

    Base Addr    Size         Type   Attr      Idx    E Section Name        Object

    0x20000000   0x00000004   Data   RW          267    .data               driver_usart.o
    0x20000004   0x0000008f   Data   RW          514    .data               driver_control.o
    0x20000093   0x00000001   PAD
    0x20000094   0x00000070   Data   RW          695    .data               driver_colorlook.o
    0x20000104   0x00000002   Data   RW          764    .data               stm32f4xx_it.o
    0x20000106   0x00000004   Data   RW          889    .data               driver_delay.o
    0x2000010a   0x00000002   PAD
    0x2000010c   0x00000014   Data   RW          943    .data               driver_mem.o
    0x20000120   0x00000004   Data   RW         1102    .data               task_debugmsg.o
    0x20000124   0x00000001   Data   RW         1180    .data               task_usmart.o
    0x20000125   0x00000003   PAD
    0x20000128   0x00000023   Data   RW         1291    .data               bsp_uart.o
    0x2000014b   0x00000010   Data   RW         4325    .data               stm32f4xx_rcc.o
    0x2000015b   0x00000001   PAD
    0x2000015c   0x00000004   Data   RW         6597    .data               cpu_core.o
    0x20000160   0x00000008   Data   RW         7649    .data               os_prio.o
    0x20000168   0x000000c4   Data   RW         8207    .data               os_var.o
    0x2000022c   0x00000004   Data   RW         8237    .data               os_cpu_c.o
    0x20000230   0x0000001d   Data   RW         8331    .data               usmart.o
    0x2000024d   0x00000003   PAD
    0x20000250   0x00000114   Data   RW         8422    .data               usmart_config.o
    0x20000364   0x000002b8   Zero   RW            5    .bss                main.o
    0x2000061c   0x000000dc   Zero   RW          439    .bss                driver_pid.o
    0x200006f8   0x00000048   Zero   RW          513    .bss                driver_control.o
    0x20000740   0x0000001c   Zero   RW          694    .bss                driver_colorlook.o
    0x2000075c   0x00008800   Zero   RW          941    .bss                driver_mem.o
    0x20008f5c   0x00001398   Zero   RW         1053    .bss                task_sysinit.o
    0x2000a2f4   0x00000155   Zero   RW         1290    .bss                bsp_uart.o
    0x2000a449   0x00000010   Zero   RW         6595    .bss                cpu_core.o
    0x2000a459   0x00000003   PAD
    0x2000a45c   0x00001040   Zero   RW         7164    .bss                os_cfg_app.o
    0x2000b49c   0x00000618   Zero   RW         8206    .bss                os_var.o
    0x2000bab4   0x0000005c   Zero   RW         8329    .bss                usmart.o
    0x2000bb10   0x00000060   Zero   RW         8819    .bss                c_w.l(libspace.o)
    0x2000bb70   0x00000200   Zero   RW         1535    HEAP                startup_stm32f40_41xxx.o
    0x2000bd70   0x00000400   Zero   RW         1534    STACK               startup_stm32f40_41xxx.o


==============================================================================

Image component sizes


      Code (inc. data)   RO Data    RW Data    ZI Data      Debug   Object Name

        78         14          0          0          0      10739   bsp.o
        56          4          0          0          0        507   bsp_all.o
       448         18          0          0          0        909   bsp_can.o
        80          8          0          0          0        543   bsp_color.o
        60          4          0          0          0        532   bsp_cylinder.o
       290          0          0          0          0        746   bsp_exti.o
       144          8          0          0          0        669   bsp_laser.o
        12          0          0          0          0        478   bsp_nvic.o
        36          6          0          0          0        561   bsp_photoelectrictube.o
        52          4          0          0          0        521   bsp_switch.o
       204         10          0          0          0        706   bsp_time.o
       980         68          0         35        341       4025   bsp_uart.o
        52          0          0          0          0        324   cpu_a.o
       100         18          0          4         16       4433   cpu_core.o
       134         14          0          0          0        994   driver_can.o
       504         70          0        112         28       3786   driver_colorlook.o
      3094        390          0        143         72      18177   driver_control.o
       208         24          0          4          0      19218   driver_delay.o
       338         22          0         20      34816       4003   driver_mem.o
       164         22          0          0          0       1410   driver_motor.o
       706         62          0          0        220       3788   driver_pid.o
        32          6          0          4          0       2714   driver_usart.o
       102          0          0          0          0       1768   lib_mem.o
        92         28          0          0        696     357496   main.o
       140         24          0          0          0       1423   misc.o
         2          0        148          0       4160      19187   os_cfg_app.o
      2578        362          0          0          0      18786   os_core.o
       172         32          0          0          0        388   os_cpu_a.o
       960         60          0          4          0       7617   os_cpu_c.o
       424        278        360          0          0       4705   os_dbg.o
       822         44          0          0          0       5105   os_flag.o
        24         10          0          0          0        861   os_mem.o
       310         26          0          0          0       3173   os_msg.o
      1172         78          0          0          0       4408   os_mutex.o
       136         16          0          8          0       2826   os_prio.o
       680         52          0          0          0       3406   os_q.o
        24         10          0          0          0        853   os_sem.o
      1484        190          0          0          0       3871   os_stat.o
      2958        168          0          0          0      12417   os_task.o
      1088         92          0          0          0       6166   os_tick.o
       652         46          0          0          0       2885   os_time.o
      1046        178          0          0          0       6409   os_tmr.o
         0          0          0        196       1560      17820   os_var.o
        64         26        392          0       1536        828   startup_stm32f40_41xxx.o
       154         24          0          0          0       2766   stm32f4xx_adc.o
      1348         18          0          0          0       5814   stm32f4xx_can.o
       530         40          0          0          0       4602   stm32f4xx_dma.o
       160         12          0          0          0       1389   stm32f4xx_exti.o
       218          0          0          0          0       2162   stm32f4xx_gpio.o
       990        126          0          2          0      10198   stm32f4xx_it.o
       360         42          0         16          0       4948   stm32f4xx_rcc.o
        64          4          0          0          0        616   stm32f4xx_syscfg.o
       782         66          0          0          0       7611   stm32f4xx_tim.o
       440          8          0          0          0       5095   stm32f4xx_usart.o
       340         32          0          0          0       1437   system_stm32f4xx.o
        76          8          0          0          0        973   task_cantx.o
        24          0          0          0          0        515   task_control.o
       276         38        132          4          0        767   task_debugmsg.o
       572        174          0          0       5016       2490   task_sysinit.o
       504         28          0          1          0        830   task_usmart.o
      1490        184         40         29         92       7913   usmart.o
         0          0        107        276          0       1404   usmart_config.o
      1274         20          0          0          0       7620   usmart_str.o

    ----------------------------------------------------------------------
     32352       3316       1212        868      48556     631331   Object Totals
         0          0         32          0          0          0   (incl. Generated)
        48          0          1         10          3          0   (incl. Padding)

    ----------------------------------------------------------------------

      Code (inc. data)   RO Data    RW Data    ZI Data      Debug   Library Member Name

        90          0          0          0          0          0   __dczerorl2.o
         8          0          0          0          0         68   __main.o
       392          4         17          0          0         92   __printf_flags_ss_wp.o
        14          0          0          0          0         68   __printf_wp.o
         0          0          0          0          0          0   __rtentry.o
        12          0          0          0          0          0   __rtentry2.o
         6          0          0          0          0          0   __rtentry4.o
        52          8          0          0          0          0   __scatter.o
        28          0          0          0          0          0   __scatter_zi.o
        28          0          0          0          0         68   _chval.o
         6          0          0          0          0          0   _printf_c.o
        44          0          0          0          0        108   _printf_char.o
        48          6          0          0          0         96   _printf_char_common.o
        36          4          0          0          0         80   _printf_char_file.o
         6          0          0          0          0          0   _printf_d.o
       120         16          0          0          0         92   _printf_dec.o
         6          0          0          0          0          0   _printf_f.o
      1050          0          0          0          0        216   _printf_fp_dec.o
       128         16          0          0          0         84   _printf_fp_infnan.o
        88          4         40          0          0         88   _printf_hex_int.o
       178          0          0          0          0         88   _printf_intcommon.o
        78          0          0          0          0        108   _printf_pad.o
         0          0          0          0          0          0   _printf_percent.o
         4          0          0          0          0          0   _printf_percent_end.o
         6          0          0          0          0          0   _printf_s.o
        82          0          0          0          0         80   _printf_str.o
         6          0          0          0          0          0   _printf_u.o
         6          0          0          0          0          0   _printf_x.o
        22          0          0          0          0        100   _rserrno.o
        64          0          0          0          0         84   _sgetc.o
       220          4        148          0          0         96   bigflt0.o
      2074        132          0          0          0        940   btod.o
        12          0          0          0          0         72   exit.o
         8          0          0          0          0         68   ferror.o
         6          0          0          0          0        152   heapauxi.o
        18          0          0          0          0         76   isspace.o
        44         10        272          0          0         76   lc_ctype_c.o
        44         10         28          0          0         76   lc_numeric_c.o
         2          0          0          0          0          0   libinit.o
        34          0          0          0          0          0   libinit2.o
         2          0          0          0          0          0   libshutdown.o
         2          0          0          0          0          0   libshutdown2.o
         8          4          0          0         96         68   libspace.o
        38          0          0          0          0         68   llshl.o
       138          0          0          0          0         80   lludiv10.o
        24          4          0          0          0         84   noretval__2printf.o
        16          4          0          0          0         76   rt_ctype_table.o
         8          4          0          0          0         68   rt_errno_addr_intlibspace.o
         8          4          0          0          0         68   rt_locale_intlibspace.o
         2          0          0          0          0          0   rtexit.o
        10          0          0          0          0          0   rtexit2.o
      1188         12          0          0          0        148   scanf_fp.o
       792         14          0          0          0        100   scanf_hexfp.o
       308         16          0          0          0        100   scanf_infnan.o
       128          0          0          0          0         68   strcmpv7m.o
       160         12          0          0          0        120   strtod.o
        74          0          0          0          0         80   sys_stackheap_outer.o
        24          0          0          0          0        164   basic.o
        98          4          0          0          0        140   d2f.o
       826         16          0          0          0        492   daddsub_clz.o
        16          4          0          0          0        116   dcheck1.o
        24          0          0          0          0        116   dcmpi.o
       688        140          0          0          0        256   ddiv.o
       120          4          0          0          0        140   deqf.o
        46          0          0          0          0        116   dflt_clz.o
       120          4          0          0          0        140   dleqf.o
       340         12          0          0          0        152   dmul.o
       156          4          0          0          0        140   dnaninf.o
        12          0          0          0          0        116   dretinf.o
       108          0          0          0          0        128   drleqf.o
        86          4          0          0          0        132   f2d.o
       140          4          0          0          0        132   fnaninf.o
         0          0          8          0          0          0   fpconst.o
        10          0          0          0          0        116   fpinit.o
        10          0          0          0          0        116   fretinf.o
         4          0          0          0          0        116   printf1.o
       100          0          0          0          0        116   retnan.o
        92          0          0          0          0        116   scalbn.o
         4          0          0          0          0        116   scanf1.o
         8          0          0          0          0        132   scanf2.o
        48          0          0          0          0        116   trapv.o
         0          0          0          0          0          0   usenofp.o
       728        106        152          0          0        228   atan.o
        56         12          0          0          0        132   atof.o
        84         16          0          0          0        372   dunder.o
        44          0          0          0          0        248   fabs.o
        48          0          0          0          0        124   fpclassify.o
       140         22          0          0          0        132   frexp.o
       228          8          0          0          0        308   ldexp.o
       184         18          0          0          0        152   narrow.o
       248          0          0          0          0        152   poly.o

    ----------------------------------------------------------------------
     12848        668        668          0         96       9476   Library Totals
        32          2          3          0          0          0   (incl. Padding)

    ----------------------------------------------------------------------

      Code (inc. data)   RO Data    RW Data    ZI Data      Debug   Library Name

      7976        288        505          0         96       4204   c_w.l
      3080        196          8          0          0       3424   fz_wm.l
      1760        182        152          0          0       1848   m_wm.l

    ----------------------------------------------------------------------
     12848        668        668          0         96       9476   Library Totals

    ----------------------------------------------------------------------

==============================================================================


      Code (inc. data)   RO Data    RW Data    ZI Data      Debug   

     45200       3984       1880        868      48652     609419   Grand Totals
     45200       3984       1880        140      48652     609419   ELF Image Totals (compressed)
     45200       3984       1880        140          0          0   ROM Totals

==============================================================================

    Total RO  Size (Code + RO Data)                47080 (  45.98kB)
    Total RW  Size (RW Data + ZI Data)             49520 (  48.36kB)
    Total ROM Size (Code + RO Data + RW Data)      47220 (  46.11kB)

==============================================================================

